Component: ARM Compiler 5.06 update 6 (build 750) Tool: armlink [4d35ed]

==============================================================================

Section Cross References

    main.o(i.Init_Thread) refers to rtx_thread.o(i.osThreadNew) for osThreadNew
    main.o(i.Init_Thread) refers to rtx_thread.o(i.osThreadSetPriority) for osThreadSetPriority
    main.o(i.Init_Thread) refers to main.o(i.irqA) for irqA
    main.o(i.Init_Thread) refers to main.o(.data) for tid_irqA
    main.o(i.Init_Thread) refers to main.o(i.irqB) for irqB
    main.o(i.Init_Timer) refers to rtx_timer.o(i.osTimerNew) for osTimerNew
    main.o(i.Init_Timer) refers to main.o(.data) for s1yState
    main.o(i.Init_Timer) refers to main.o(i.s1yBlink) for s1yBlink
    main.o(i.Init_Timer) refers to main.o(i.s1rBlink) for s1rBlink
    main.o(i.Init_Timer) refers to main.o(i.s2yBlink) for s2yBlink
    main.o(i.Init_Timer) refers to main.o(i.s2rBlink) for s2rBlink
    main.o(i.Init_Timer) refers to main.o(i.s3yBlink) for s3yBlink
    main.o(i.Init_Timer) refers to main.o(i.s3rBlink) for s3rBlink
    main.o(i.Init_Timer) refers to main.o(i.s4yBlink) for s4yBlink
    main.o(i.Init_Timer) refers to main.o(i.s4rBlink) for s4rBlink
    main.o(i.Init_Timer) refers to main.o(i.idleCallbackA) for idleCallbackA
    main.o(i.Init_Timer) refers to main.o(i.idleCallbackB) for idleCallbackB
    main.o(i.LEDBlue_On) refers to main.o(.constdata) for led_mask
    main.o(i.LEDBlue_On) refers to main.o(.data) for led_addr
    main.o(i.LEDGreen_On) refers to main.o(.constdata) for led_mask
    main.o(i.LEDGreen_On) refers to main.o(.data) for led_addr
    main.o(i.LEDRed_On) refers to main.o(.constdata) for led_mask
    main.o(i.LEDRed_On) refers to main.o(.data) for led_addr
    main.o(i.app_main) refers to main.o(i.PORT_Initialize) for PORT_Initialize
    main.o(i.app_main) refers to rtx_mutex.o(i.osMutexNew) for osMutexNew
    main.o(i.app_main) refers to rtx_thread.o(i.osThreadExit) for osThreadExit
    main.o(i.app_main) refers to main.o(i.Init_Thread) for Init_Thread
    main.o(i.app_main) refers to main.o(i.Init_Timer) for Init_Timer
    main.o(i.app_main) refers to rtx_thread.o(i.osThreadTerminate) for osThreadTerminate
    main.o(i.app_main) refers to main.o(i.s1TimerCal) for s1TimerCal
    main.o(i.app_main) refers to main.o(i.s1G) for s1G
    main.o(i.app_main) refers to rtx_timer.o(i.osTimerStart) for osTimerStart
    main.o(i.app_main) refers to rtx_delay.o(i.osDelay) for osDelay
    main.o(i.app_main) refers to rtx_timer.o(i.osTimerStop) for osTimerStop
    main.o(i.app_main) refers to main.o(i.s1Y) for s1Y
    main.o(i.app_main) refers to main.o(i.s2TimerCal) for s2TimerCal
    main.o(i.app_main) refers to main.o(i.s2G) for s2G
    main.o(i.app_main) refers to main.o(i.s2Y) for s2Y
    main.o(i.app_main) refers to main.o(i.s3TimerCal) for s3TimerCal
    main.o(i.app_main) refers to main.o(i.s3G) for s3G
    main.o(i.app_main) refers to main.o(i.s3Y) for s3Y
    main.o(i.app_main) refers to main.o(i.s4TimerCal) for s4TimerCal
    main.o(i.app_main) refers to main.o(i.s4G) for s4G
    main.o(i.app_main) refers to main.o(i.s4Y) for s4Y
    main.o(i.app_main) refers to main.o(.constdata) for Thread_Mutex_attr
    main.o(i.app_main) refers to main.o(.data) for mutex_id
    main.o(i.irqA) refers to rtx_thread.o(i.osThreadSuspend) for osThreadSuspend
    main.o(i.irqA) refers to rtx_mutex.o(i.osMutexAcquire) for osMutexAcquire
    main.o(i.irqA) refers to rtx_delay.o(i.osDelay) for osDelay
    main.o(i.irqA) refers to rtx_timer.o(i.osTimerStart) for osTimerStart
    main.o(i.irqA) refers to rtx_timer.o(i.osTimerStop) for osTimerStop
    main.o(i.irqA) refers to rtx_mutex.o(i.osMutexRelease) for osMutexRelease
    main.o(i.irqA) refers to rtx_thread.o(i.osThreadResume) for osThreadResume
    main.o(i.irqA) refers to main.o(.data) for tid_app_main
    main.o(i.irqB) refers to rtx_thread.o(i.osThreadSuspend) for osThreadSuspend
    main.o(i.irqB) refers to rtx_mutex.o(i.osMutexAcquire) for osMutexAcquire
    main.o(i.irqB) refers to rtx_delay.o(i.osDelay) for osDelay
    main.o(i.irqB) refers to rtx_timer.o(i.osTimerStart) for osTimerStart
    main.o(i.irqB) refers to rtx_timer.o(i.osTimerStop) for osTimerStop
    main.o(i.irqB) refers to rtx_mutex.o(i.osMutexRelease) for osMutexRelease
    main.o(i.irqB) refers to rtx_thread.o(i.osThreadResume) for osThreadResume
    main.o(i.irqB) refers to main.o(.data) for tid_app_main
    main.o(i.main) refers to system_mk64f12.o(i.SystemCoreClockUpdate) for SystemCoreClockUpdate
    main.o(i.main) refers to rtx_kernel.o(i.osKernelInitialize) for osKernelInitialize
    main.o(i.main) refers to rtx_thread.o(i.osThreadNew) for osThreadNew
    main.o(i.main) refers to rtx_thread.o(i.osThreadSetPriority) for osThreadSetPriority
    main.o(i.main) refers to rtx_kernel.o(i.osKernelStart) for osKernelStart
[...]
    IsIrqMasked                              0x00000da5   Thumb Code    24  rtx_timer.o(i.IsIrqMasked)
    i.IsIrqMode                              0x00000dbc   Section        0  rtx_delay.o(i.IsIrqMode)
    IsIrqMode                                0x00000dbd   Thumb Code    16  rtx_delay.o(i.IsIrqMode)
    i.IsIrqMode                              0x00000dcc   Section        0  rtx_kernel.o(i.IsIrqMode)
    IsIrqMode                                0x00000dcd   Thumb Code    16  rtx_kernel.o(i.IsIrqMode)
    i.IsIrqMode                              0x00000ddc   Section        0  rtx_msgqueue.o(i.IsIrqMode)
    IsIrqMode                                0x00000ddd   Thumb Code    16  rtx_msgqueue.o(i.IsIrqMode)
    i.IsIrqMode                              0x00000dec   Section        0  rtx_mutex.o(i.IsIrqMode)
    IsIrqMode                                0x00000ded   Thumb Code    16  rtx_mutex.o(i.IsIrqMode)
    i.IsIrqMode                              0x00000dfc   Section        0  rtx_thread.o(i.IsIrqMode)
    IsIrqMode                                0x00000dfd   Thumb Code    16  rtx_thread.o(i.IsIrqMode)
    i.IsIrqMode                              0x00000e0c   Section        0  rtx_timer.o(i.IsIrqMode)
    IsIrqMode                                0x00000e0d   Thumb Code    16  rtx_timer.o(i.IsIrqMode)
    i.LEDBlue_On                             0x00000e1c   Section        0  main.o(i.LEDBlue_On)
    i.LEDGreen_On                            0x00000e44   Section        0  main.o(i.LEDGreen_On)
    i.LEDRed_On                              0x00000e6c   Section        0  main.o(i.LEDRed_On)
    i.MemBlockPtr                            0x00000e94   Section        0  rtx_memory.o(i.MemBlockPtr)
    MemBlockPtr                              0x00000e95   Thumb Code    10  rtx_memory.o(i.MemBlockPtr)
    i.MessageQueueGet                        0x00000e9e   Section        0  rtx_msgqueue.o(i.MessageQueueGet)
    MessageQueueGet                          0x00000e9f   Thumb Code    52  rtx_msgqueue.o(i.MessageQueueGet)
    i.MessageQueuePut                        0x00000ed2   Section        0  rtx_msgqueue.o(i.MessageQueuePut)
    MessageQueuePut                          0x00000ed3   Thumb Code    76  rtx_msgqueue.o(i.MessageQueuePut)
    i.MessageQueueRemove                     0x00000f1e   Section        0  rtx_msgqueue.o(i.MessageQueueRemove)
    MessageQueueRemove                       0x00000f1f   Thumb Code    34  rtx_msgqueue.o(i.MessageQueueRemove)
    i.OS_Tick_AcknowledgeIRQ                 0x00000f40   Section        0  os_systick.o(i.OS_Tick_AcknowledgeIRQ)
    i.OS_Tick_Enable                         0x00000f48   Section        0  os_systick.o(i.OS_Tick_Enable)
    i.OS_Tick_GetIRQn                        0x00000f78   Section        0  os_systick.o(i.OS_Tick_GetIRQn)
    i.OS_Tick_Setup                          0x00000f80   Section        0  os_systick.o(i.OS_Tick_Setup)
    i.PORT_Initialize                        0x00000fd0   Section        0  main.o(i.PORT_Initialize)
    i.SystemCoreClockUpdate                  0x00001098   Section        0  system_mk64f12.o(i.SystemCoreClockUpdate)
    i.SystemInit                             0x000011f0   Section        0  system_mk64f12.o(i.SystemInit)
    i.ThreadFlagsCheck                       0x00001290   Section        0  rtx_thread.o(i.ThreadFlagsCheck)
    ThreadFlagsCheck                         0x00001291   Thumb Code    86  rtx_thread.o(i.ThreadFlagsCheck)
    i.TimerInsert                            0x000012e8   Section        0  rtx_timer.o(i.TimerInsert)
    TimerInsert                              0x000012e9   Thumb Code    58  rtx_timer.o(i.TimerInsert)
    i.TimerRemove                            0x00001328   Section        0  rtx_timer.o(i.TimerRemove)
    TimerRemove                              0x00001329   Thumb Code    42  rtx_timer.o(i.TimerRemove)
    i.TimerUnlink                            0x00001358   Section        0  rtx_timer.o(i.TimerUnlink)
    TimerUnlink                              0x00001359   Thumb Code    18  rtx_timer.o(i.TimerUnlink)
    i.__scatterload_copy                     0x00001370   Section       14  handlers.o(i.__scatterload_copy)
    i.__scatterload_null                     0x0000137e   Section        2  handlers.o(i.__scatterload_null)
    i.__scatterload_zeroinit                 0x00001380   Section       14  handlers.o(i.__scatterload_zeroinit)
    i.app_main                               0x00001390   Section        0  main.o(i.app_main)
    i.idleCallbackA                          0x00001624   Section        0  main.o(i.idleCallbackA)
    i.idleCallbackB                          0x00001626   Section        0  main.o(i.idleCallbackB)
    i.irqA                                   0x00001628   Section        0  main.o(i.irqA)
    i.irqB                                   0x000016fc   Section        0  main.o(i.irqB)
    i.isrRtxMessageQueueGet                  0x000017dc   Section        0  rtx_msgqueue.o(i.isrRtxMessageQueueGet)
    isrRtxMessageQueueGet                    0x000017dd   Thumb Code   150  rtx_msgqueue.o(i.isrRtxMessageQueueGet)
    i.isrRtxMessageQueuePut                  0x00001872   Section        0  rtx_msgqueue.o(i.isrRtxMessageQueuePut)
    isrRtxMessageQueuePut                    0x00001873   Thumb Code   158  rtx_msgqueue.o(i.isrRtxMessageQueuePut)
    i.isr_queue_get                          0x00001910   Section        0  rtx_system.o(i.isr_queue_get)
    isr_queue_get                            0x00001911   Thumb Code    46  rtx_system.o(i.isr_queue_get)
    i.isr_queue_put                          0x00001944   Section        0  rtx_system.o(i.isr_queue_put)
    isr_queue_put                            0x00001945   Thumb Code    56  rtx_system.o(i.isr_queue_put)
    i.main                                   0x00001980   Section        0  main.o(i.main)
    i.osDelay                                0x000019b8   Section        0  rtx_delay.o(i.osDelay)
    i.osKernelInitialize                     0x000019f4   Section        0  rtx_kernel.o(i.osKernelInitialize)
    i.osKernelStart                          0x00001a28   Section        0  rtx_kernel.o(i.osKernelStart)
    i.osMessageQueueGet                      0x00001a5c   Section        0  rtx_msgqueue.o(i.osMessageQueueGet)
    i.osMessageQueueNew                      0x00001ab0   Section        0  rtx_msgqueue.o(i.osMessageQueueNew)
    i.osMessageQueuePut                      0x00001afc   Section        0  rtx_msgqueue.o(i.osMessageQueuePut)
    i.osMutexAcquire                         0x00001b50   Section        0  rtx_mutex.o(i.osMutexAcquire)
    i.osMutexNew                             0x00001b94   Section        0  rtx_mutex.o(i.osMutexNew)
    i.osMutexRelease                         0x00001bd0   Section        0  rtx_mutex.o(i.osMutexRelease)
    i.osRtxErrorNotify                       0x00001c0c   Section        0  rtx_config.o(i.osRtxErrorNotify)
    i.osRtxIdleThread                        0x00001c2c   Section        0  rtx_config.o(i.osRtxIdleThread)
    i.osRtxKernelGetState                    0x00001c30   Section        0  rtx_thread.o(i.osRtxKernelGetState)
    osRtxKernelGetState                      0x00001c31   Thumb Code     6  rtx_thread.o(i.osRtxKernelGetState)
    i.osRtxMemoryAlloc                       0x00001c3c   Section        0  rtx_memory.o(i.osRtxMemoryAlloc)
    i.osRtxMemoryFree                        0x00001d2a   Section        0  rtx_memory.o(i.osRtxMemoryFree)
    i.osRtxMemoryInit                        0x00001da6   Section        0  rtx_memory.o(i.osRtxMemoryInit)
    i.osRtxMemoryPoolAlloc                   0x00001e10   Section        0  rtx_mempool.o(i.osRtxMemoryPoolAlloc)
    i.osRtxMemoryPoolFree                    0x00001e4a   Section        0  rtx_mempool.o(i.osRtxMemoryPoolFree)
    i.osRtxMemoryPoolInit                    0x00001e98   Section        0  rtx_mempool.o(i.osRtxMemoryPoolInit)
    i.osRtxMessageQueuePostProcess           0x00001ef0   Section        0  rtx_msgqueue.o(i.osRtxMessageQueuePostProcess)
    osRtxMessageQueuePostProcess             0x00001ef1   Thumb Code   296  rtx_msgqueue.o(i.osRtxMessageQueuePostProcess)
    i.osRtxMutexOwnerRelease                 0x00002018   Section        0  rtx_mutex.o(i.osRtxMutexOwnerRelease)
    i.osRtxPendSV_Handler                    0x00002078   Section        0  rtx_system.o(i.osRtxPendSV_Handler)
    i.osRtxPostProcess                       0x000020fc   Section        0  rtx_system.o(i.osRtxPostProcess)
    i.osRtxThreadBlock                       0x00002138   Section        0  rtx_thread.o(i.osRtxThreadBlock)
    osRtxThreadBlock                         0x00002139   Thumb Code    58  rtx_thread.o(i.osRtxThreadBlock)
    i.osRtxThreadDelayInsert                 0x00002178   Section        0  rtx_thread.o(i.osRtxThreadDelayInsert)
    osRtxThreadDelayInsert                   0x00002179   Thumb Code    98  rtx_thread.o(i.osRtxThreadDelayInsert)
    i.osRtxThreadDelayRemove                 0x000021e0   Section        0  rtx_thread.o(i.osRtxThreadDelayRemove)
    osRtxThreadDelayRemove                   0x000021e1   Thumb Code   110  rtx_thread.o(i.osRtxThreadDelayRemove)
    i.osRtxThreadDelayTick                   0x00002254   Section        0  rtx_thread.o(i.osRtxThreadDelayTick)
    i.osRtxThreadDispatch                    0x00002330   Section        0  rtx_thread.o(i.osRtxThreadDispatch)
    i.osRtxThreadFree                        0x000023a0   Section        0  rtx_thread.o(i.osRtxThreadFree)
    osRtxThreadFree                          0x000023a1   Thumb Code    92  rtx_thread.o(i.osRtxThreadFree)
    i.osRtxThreadGetRunning                  0x00002400   Section        0  rtx_thread.o(i.osRtxThreadGetRunning)
    osRtxThreadGetRunning                    0x00002401   Thumb Code     6  rtx_thread.o(i.osRtxThreadGetRunning)
    i.osRtxThreadListGet                     0x0000240c   Section        0  rtx_thread.o(i.osRtxThreadListGet)
    i.osRtxThreadListPut                     0x00002428   Section        0  rtx_thread.o(i.osRtxThreadListPut)
    i.osRtxThreadListRemove                  0x0000245a   Section        0  rtx_thread.o(i.osRtxThreadListRemove)
    i.osRtxThreadListRoot                    0x00002474   Section        0  rtx_thread.o(i.osRtxThreadListRoot)
    osRtxThreadListRoot                      0x00002475   Thumb Code    18  rtx_thread.o(i.osRtxThreadListRoot)
    i.osRtxThreadListSort                    0x00002486   Section        0  rtx_thread.o(i.osRtxThreadListSort)
    i.osRtxThreadPostProcess                 0x000024b0   Section        0  rtx_thread.o(i.osRtxThreadPostProcess)
    osRtxThreadPostProcess                   0x000024b1   Thumb Code    64  rtx_thread.o(i.osRtxThreadPostProcess)
    i.osRtxThreadReadyPut                    0x000024f0   Section        0  rtx_thread.o(i.osRtxThreadReadyPut)
    i.osRtxThreadRegPtr                      0x00002508   Section        0  rtx_thread.o(i.osRtxThreadRegPtr)
    i.osRtxThreadSetRunning                  0x00002520   Section        0  rtx_thread.o(i.osRtxThreadSetRunning)
    osRtxThreadSetRunning                    0x00002521   Thumb Code     6  rtx_thread.o(i.osRtxThreadSetRunning)
    i.osRtxThreadStackCheck                  0x0000252c   Section        0  rtx_thread.o(i.osRtxThreadStackCheck)
    i.osRtxThreadStartup                     0x00002558   Section        0  rtx_thread.o(i.osRtxThreadStartup)
    i.osRtxThreadSwitch                      0x000025b8   Section        0  rtx_thread.o(i.osRtxThreadSwitch)
    i.osRtxThreadWaitEnter                   0x000025d4   Section        0  rtx_thread.o(i.osRtxThreadWaitEnter)
    i.osRtxThreadWaitExit                    0x00002628   Section        0  rtx_thread.o(i.osRtxThreadWaitExit)
    i.osRtxTick_Handler                      0x00002660   Section        0  rtx_system.o(i.osRtxTick_Handler)
    i.osRtxTimerThread                       0x00002700   Section        0  rtx_timer.o(i.osRtxTimerThread)
    i.osRtxTimerTick                         0x00002758   Section        0  rtx_timer.o(i.osRtxTimerTick)
    osRtxTimerTick                           0x00002759   Thumb Code    88  rtx_timer.o(i.osRtxTimerTick)
    i.osThreadExit                           0x000027b4   Section        0  rtx_thread.o(i.osThreadExit)
    i.osThreadNew                            0x000027d4   Section        0  rtx_thread.o(i.osThreadNew)
    i.osThreadResume                         0x00002820   Section        0  rtx_thread.o(i.osThreadResume)
    i.osThreadSetPriority                    0x0000285c   Section        0  rtx_thread.o(i.osThreadSetPriority)
    i.osThreadSuspend                        0x000028a0   Section        0  rtx_thread.o(i.osThreadSuspend)
    i.osThreadTerminate                      0x000028dc   Section        0  rtx_thread.o(i.osThreadTerminate)
    i.osTimerNew                             0x00002918   Section        0  rtx_timer.o(i.osTimerNew)
    i.osTimerStart                           0x00002968   Section        0  rtx_timer.o(i.osTimerStart)
    i.osTimerStop                            0x000029ac   Section        0  rtx_timer.o(i.osTimerStop)
    i.s1G                                    0x000029e8   Section        0  main.o(i.s1G)
    i.s1TimerCal                             0x00002a10   Section        0  main.o(i.s1TimerCal)
    i.s1Y                                    0x00002a60   Section        0  main.o(i.s1Y)
    i.s1rBlink                               0x00002a8c   Section        0  main.o(i.s1rBlink)
    i.s1yBlink                               0x00002ae4   Section        0  main.o(i.s1yBlink)
    i.s2G                                    0x00002b20   Section        0  main.o(i.s2G)
    i.s2TimerCal                             0x00002b4c   Section        0  main.o(i.s2TimerCal)
    i.s2Y                                    0x00002b9c   Section        0  main.o(i.s2Y)
    i.s2rBlink                               0x00002bc8   Section        0  main.o(i.s2rBlink)
    i.s2yBlink                               0x00002c30   Section        0  main.o(i.s2yBlink)
    i.s3G                                    0x00002c6c   Section        0  main.o(i.s3G)
    i.s3TimerCal                             0x00002c98   Section        0  main.o(i.s3TimerCal)
    i.s3Y                                    0x00002ce8   Section        0  main.o(i.s3Y)
    i.s3rBlink                               0x00002d14   Section        0  main.o(i.s3rBlink)
    i.s3yBlink                               0x00002d7c   Section        0  main.o(i.s3yBlink)
    i.s4G                                    0x00002db8   Section        0  main.o(i.s4G)
    i.s4TimerCal                             0x00002de0   Section        0  main.o(i.s4TimerCal)
    i.s4Y                                    0x00002e34   Section        0  main.o(i.s4Y)
    i.s4rBlink                               0x00002e64   Section        0  main.o(i.s4rBlink)
    i.s4yBlink                               0x00002ec4   Section        0  main.o(i.s4yBlink)
    i.svcRtxDelay                            0x00002f04   Section        0  rtx_delay.o(i.svcRtxDelay)
    svcRtxDelay                              0x00002f05   Thumb Code    24  rtx_delay.o(i.svcRtxDelay)
    i.svcRtxKernelInitialize                 0x00002f1c   Section        0  rtx_kernel.o(i.svcRtxKernelInitialize)
    svcRtxKernelInitialize                   0x00002f1d   Thumb Code   602  rtx_kernel.o(i.svcRtxKernelInitialize)
    i.svcRtxKernelStart                      0x00003180   Section        0  rtx_kernel.o(i.svcRtxKernelStart)
    svcRtxKernelStart                        0x00003181   Thumb Code   216  rtx_kernel.o(i.svcRtxKernelStart)
    i.svcRtxMessageQueueGet                  0x00003268   Section        0  rtx_msgqueue.o(i.svcRtxMessageQueueGet)
    svcRtxMessageQueueGet                    0x00003269   Thumb Code   340  rtx_msgqueue.o(i.svcRtxMessageQueueGet)
    i.svcRtxMessageQueueNew                  0x000033c0   Section        0  rtx_msgqueue.o(i.svcRtxMessageQueueNew)
    svcRtxMessageQueueNew                    0x000033c1   Thumb Code   400  rtx_msgqueue.o(i.svcRtxMessageQueueNew)
    i.svcRtxMessageQueuePut                  0x00003558   Section        0  rtx_msgqueue.o(i.svcRtxMessageQueuePut)
    svcRtxMessageQueuePut                    0x00003559   Thumb Code   316  rtx_msgqueue.o(i.svcRtxMessageQueuePut)
    i.svcRtxMutexAcquire                     0x00003698   Section        0  rtx_mutex.o(i.svcRtxMutexAcquire)
    svcRtxMutexAcquire                       0x00003699   Thumb Code   284  rtx_mutex.o(i.svcRtxMutexAcquire)
    i.svcRtxMutexNew                         0x000037b8   Section        0  rtx_mutex.o(i.svcRtxMutexNew)
    svcRtxMutexNew                           0x000037b9   Thumb Code   172  rtx_mutex.o(i.svcRtxMutexNew)
    i.svcRtxMutexRelease                     0x00003868   Section        0  rtx_mutex.o(i.svcRtxMutexRelease)
    svcRtxMutexRelease                       0x00003869   Thumb Code   280  rtx_mutex.o(i.svcRtxMutexRelease)
    i.svcRtxThreadExit                       0x00003984   Section        0  rtx_thread.o(i.svcRtxThreadExit)
    svcRtxThreadExit                         0x00003985   Thumb Code   142  rtx_thread.o(i.svcRtxThreadExit)
    i.svcRtxThreadNew                        0x00003a18   Section        0  rtx_thread.o(i.svcRtxThreadNew)
    svcRtxThreadNew                          0x00003a19   Thumb Code   608  rtx_thread.o(i.svcRtxThreadNew)
    i.svcRtxThreadResume                     0x00003c8c   Section        0  rtx_thread.o(i.svcRtxThreadResume)
    svcRtxThreadResume                       0x00003c8d   Thumb Code    88  rtx_thread.o(i.svcRtxThreadResume)
    i.svcRtxThreadSetPriority                0x00003ce4   Section        0  rtx_thread.o(i.svcRtxThreadSetPriority)
    svcRtxThreadSetPriority                  0x00003ce5   Thumb Code   108  rtx_thread.o(i.svcRtxThreadSetPriority)
    i.svcRtxThreadSuspend                    0x00003d50   Section        0  rtx_thread.o(i.svcRtxThreadSuspend)
    svcRtxThreadSuspend                      0x00003d51   Thumb Code   190  rtx_thread.o(i.svcRtxThreadSuspend)
    i.svcRtxThreadTerminate                  0x00003e14   Section        0  rtx_thread.o(i.svcRtxThreadTerminate)
    svcRtxThreadTerminate                    0x00003e15   Thumb Code   272  rtx_thread.o(i.svcRtxThreadTerminate)
    i.svcRtxTimerNew                         0x00003f28   Section        0  rtx_timer.o(i.svcRtxTimerNew)
    svcRtxTimerNew                           0x00003f29   Thumb Code   206  rtx_timer.o(i.svcRtxTimerNew)
    i.svcRtxTimerStart                       0x00003ffc   Section        0  rtx_timer.o(i.svcRtxTimerStart)
    svcRtxTimerStart                         0x00003ffd   Thumb Code   118  rtx_timer.o(i.svcRtxTimerStart)
    i.svcRtxTimerStop                        0x00004078   Section        0  rtx_timer.o(i.svcRtxTimerStop)
    svcRtxTimerStop                          0x00004079   Thumb Code    76  rtx_timer.o(i.svcRtxTimerStop)
    .constdata                               0x000040c4   Section       28  main.o(.constdata)
    .constdata                               0x000040e0   Section      100  rtx_lib.o(.constdata)
    os_idle_thread_attr                      0x000040e0   Data          36  rtx_lib.o(.constdata)
    os_timer_thread_attr                     0x00004104   Data          36  rtx_lib.o(.constdata)
    os_timer_mq_attr                         0x00004128   Data          24  rtx_lib.o(.constdata)
    .conststring                             0x00004144   Section       14  main.o(.conststring)
    .conststrlit                             0x00004154   Section       11  rtx_kernel.o(.conststrlit)
    .rodata                                  0x00004160   Section      104  rtx_lib.o(.rodata)
    __tagsym$$used                           0x00004160   Number         0  rtx_lib.o(.rodata)
    .bss.os                                  0x20000000   Section     4160  rtx_lib.o(.bss.os)
    os_mem                                   0x20000000   Data        4096  rtx_lib.o(.bss.os)
    os_isr_queue                             0x20001000   Data          64  rtx_lib.o(.bss.os)
    .bss.os.msgqueue.cb                      0x20001040   Section       52  rtx_lib.o(.bss.os.msgqueue.cb)
    os_timer_mq_cb                           0x20001040   Data          52  rtx_lib.o(.bss.os.msgqueue.cb)
    .bss.os.msgqueue.mem                     0x20001074   Section       80  rtx_lib.o(.bss.os.msgqueue.mem)
    os_timer_mq_data                         0x20001074   Data          80  rtx_lib.o(.bss.os.msgqueue.mem)
    .bss.os.mutex.cb                         0x200010c4   Section       28  rtx_lib.o(.bss.os.mutex.cb)
    os_mutex_cb                              0x200010c4   Data          28  rtx_lib.o(.bss.os.mutex.cb)
    .bss.os.thread.cb                        0x200010e0   Section      816  rtx_lib.o(.bss.os.thread.cb)
    os_thread_cb                             0x200010e0   Data         680  rtx_lib.o(.bss.os.thread.cb)
    os_idle_thread_cb                        0x20001388   Data          68  rtx_lib.o(.bss.os.thread.cb)
    os_timer_thread_cb                       0x200013cc   Data          68  rtx_lib.o(.bss.os.thread.cb)
    .bss.os.thread.stack                     0x20001410   Section      512  rtx_lib.o(.bss.os.thread.stack)
    os_idle_thread_stack                     0x20001410   Data         256  rtx_lib.o(.bss.os.thread.stack)
    os_timer_thread_stack                    0x20001510   Data         256  rtx_lib.o(.bss.os.thread.stack)
    .data                                    0x20001610   Section      152  main.o(.data)
    .data                                    0x200016a8   Section        1  os_systick.o(.data)
    PendST                                   0x200016a8   Data           1  os_systick.o(.data)
    .data                                    0x200016ac   Section        4  system_mk64f12.o(.data)
    .data.os                                 0x200016b0   Section      164  rtx_kernel.o(.data.os)
    .data.os.mutex.mpi                       0x20001754   Section       24  rtx_lib.o(.data.os.mutex.mpi)
    os_mpi_mutex                             0x20001754   Data          24  rtx_lib.o(.data.os.mutex.mpi)
    .data.os.thread.mpi                      0x2000176c   Section       24  rtx_lib.o(.data.os.thread.mpi)
    os_mpi_thread                            0x2000176c   Data          24  rtx_lib.o(.data.os.thread.mpi)
    STACK                                    0x20001788   Section     1024  startup_mk64f12.o(STACK)

    Global Symbols

    Symbol Name                              Value     Ov Type        Size  Object(Section)

    BuildAttributes$$THM_ISAv4$E$P$D$K$B$S$7EM$VFPi3$EXTD16$VFPS$VFMA$PE$A:L22UL41UL21$X:L11$S22US41US21$IEEE1$IW$USESV6$~STKCKD$USESV7$~SHL$OSPACE$EBA8$MICROLIB$REQ8$PRES8$EABIv2 0x00000000   Number         0  anon$$obj.o ABSOLUTE
    __ARM_use_no_argv                        0x00000000   Number         0  main.o ABSOLUTE
    __Vectors                                0x00000000   Data           4  startup_mk64f12.o(RESET)
    .bss.os.evflags.cb$$Base                  - Undefined Weak Reference
    .bss.os.evflags.cb$$Limit                 - Undefined Weak Reference
    .bss.os.mempool.cb$$Base                  - Undefined Weak Reference
    .bss.os.mempool.cb$$Limit                 - Undefined Weak Reference
    .bss.os.semaphore.cb$$Base                - Undefined Weak Reference
    .bss.os.semaphore.cb$$Limit               - Undefined Weak Reference
    .bss.os.timer.cb$$Base                    - Undefined Weak Reference
    .bss.os.timer.cb$$Limit                   - Undefined Weak Reference
    __cpp_initialize__aeabi_                  - Undefined Weak Reference
    __cxa_finalize                            - Undefined Weak Reference
    _clock_init                               - Undefined Weak Reference
    _microlib_exit                            - Undefined Weak Reference
    __Vectors_End                            0x00000400   Data           0  startup_mk64f12.o(RESET)
    __Vectors_Size                           0x00000400   Number         0  startup_mk64f12.o ABSOLUTE
    __main                                   0x00000411   Thumb Code     0  entry.o(.ARM.Collect$$$$00000000)
    _main_stk                                0x00000411   Thumb Code     0  entry2.o(.ARM.Collect$$$$00000001)
    _main_scatterload                        0x00000415   Thumb Code     0  entry5.o(.ARM.Collect$$$$00000004)
    __main_after_scatterload                 0x00000419   Thumb Code     0  entry5.o(.ARM.Collect$$$$00000004)
    _main_clock                              0x00000419   Thumb Code     0  entry7b.o(.ARM.Collect$$$$00000008)
    _main_cpp_init                           0x00000419   Thumb Code     0  entry8b.o(.ARM.Collect$$$$0000000A)
    _main_init                               0x00000419   Thumb Code     0  entry9a.o(.ARM.Collect$$$$0000000B)
    __rt_final_cpp                           0x00000421   Thumb Code     0  entry10a.o(.ARM.Collect$$$$0000000D)
    __rt_final_exit                          0x00000421   Thumb Code     0  entry11a.o(.ARM.Collect$$$$0000000F)
    __asm___13_rtx_mempool_c_7914b4c7__atomic_wr8 0x00000425   Thumb Code    16  rtx_mempool.o(.emb_text)
    __asm___13_rtx_mempool_c_7914b4c7__atomic_set32 0x00000435   Thumb Code    20  rtx_mempool.o(.emb_text)
    __asm___13_rtx_mempool_c_7914b4c7__atomic_clr32 0x00000449   Thumb Code    22  rtx_mempool.o(.emb_text)
    __asm___13_rtx_mempool_c_7914b4c7__atomic_chk32_all 0x0000045f   Thumb Code    38  rtx_mempool.o(.emb_text)
    __asm___13_rtx_mempool_c_7914b4c7__atomic_chk32_any 0x00000485   Thumb Code    34  rtx_mempool.o(.emb_text)
    __asm___13_rtx_mempool_c_7914b4c7__atomic_inc32 0x000004a7   Thumb Code    18  rtx_mempool.o(.emb_text)
    __asm___13_rtx_mempool_c_7914b4c7__atomic_inc32_lt 0x000004b9   Thumb Code    30  rtx_mempool.o(.emb_text)
    __asm___13_rtx_mempool_c_7914b4c7__atomic_inc16_lt 0x000004d7   Thumb Code    30  rtx_mempool.o(.emb_text)
    __asm___13_rtx_mempool_c_7914b4c7__atomic_inc16_lim 0x000004f5   Thumb Code    26  rtx_mempool.o(.emb_text)
    __asm___13_rtx_mempool_c_7914b4c7__atomic_dec32_nz 0x0000050f   Thumb Code    26  rtx_mempool.o(.emb_text)
    __asm___13_rtx_mempool_c_7914b4c7__atomic_dec16_nz 0x00000529   Thumb Code    26  rtx_mempool.o(.emb_text)
    __asm___13_rtx_mempool_c_7914b4c7__atomic_link_get 0x00000543   Thumb Code    26  rtx_mempool.o(.emb_text)
    __asm___13_rtx_mempool_c_7914b4c7__atomic_link_put 0x0000055d   Thumb Code    28  rtx_mempool.o(.emb_text)
    __asm___14_rtx_msgqueue_c_ba128ae8__atomic_wr8 0x00000579   Thumb Code    16  rtx_msgqueue.o(.emb_text)
    __asm___14_rtx_msgqueue_c_ba128ae8__atomic_set32 0x00000589   Thumb Code    20  rtx_msgqueue.o(.emb_text)
    __asm___14_rtx_msgqueue_c_ba128ae8__atomic_clr32 0x0000059d   Thumb Code    22  rtx_msgqueue.o(.emb_text)
    __asm___14_rtx_msgqueue_c_ba128ae8__atomic_chk32_all 0x000005b3   Thumb Code    38  rtx_msgqueue.o(.emb_text)
    __asm___14_rtx_msgqueue_c_ba128ae8__atomic_chk32_any 0x000005d9   Thumb Code    34  rtx_msgqueue.o(.emb_text)
    __asm___14_rtx_msgqueue_c_ba128ae8__atomic_inc32 0x000005fb   Thumb Code    18  rtx_msgqueue.o(.emb_text)
    __asm___14_rtx_msgqueue_c_ba128ae8__atomic_inc32_lt 0x0000060d   Thumb Code    30  rtx_msgqueue.o(.emb_text)
    __asm___14_rtx_msgqueue_c_ba128ae8__atomic_inc16_lt 0x0000062b   Thumb Code    30  rtx_msgqueue.o(.emb_text)
    __asm___14_rtx_msgqueue_c_ba128ae8__atomic_inc16_lim 0x00000649   Thumb Code    26  rtx_msgqueue.o(.emb_text)
    __asm___14_rtx_msgqueue_c_ba128ae8__atomic_dec32_nz 0x00000663   Thumb Code    26  rtx_msgqueue.o(.emb_text)
    __asm___14_rtx_msgqueue_c_ba128ae8__atomic_dec16_nz 0x0000067d   Thumb Code    26  rtx_msgqueue.o(.emb_text)
    __asm___14_rtx_msgqueue_c_ba128ae8__atomic_link_get 0x00000697   Thumb Code    26  rtx_msgqueue.o(.emb_text)
    __asm___14_rtx_msgqueue_c_ba128ae8__atomic_link_put 0x000006b1   Thumb Code    28  rtx_msgqueue.o(.emb_text)
    __asm___12_rtx_system_c_024f2f18__atomic_wr8 0x000006cd   Thumb Code    16  rtx_system.o(.emb_text)
    __asm___12_rtx_system_c_024f2f18__atomic_set32 0x000006dd   Thumb Code    20  rtx_system.o(.emb_text)
    __asm___12_rtx_system_c_024f2f18__atomic_clr32 0x000006f1   Thumb Code    22  rtx_system.o(.emb_text)
    __asm___12_rtx_system_c_024f2f18__atomic_chk32_all 0x00000707   Thumb Code    38  rtx_system.o(.emb_text)
    __asm___12_rtx_system_c_024f2f18__atomic_chk32_any 0x0000072d   Thumb Code    34  rtx_system.o(.emb_text)
    __asm___12_rtx_system_c_024f2f18__atomic_inc32 0x0000074f   Thumb Code    18  rtx_system.o(.emb_text)
    __asm___12_rtx_system_c_024f2f18__atomic_inc32_lt 0x00000761   Thumb Code    30  rtx_system.o(.emb_text)
    __asm___12_rtx_system_c_024f2f18__atomic_inc16_lt 0x0000077f   Thumb Code    30  rtx_system.o(.emb_text)
    __asm___12_rtx_system_c_024f2f18__atomic_inc16_lim 0x0000079d   Thumb Code    26  rtx_system.o(.emb_text)
    __asm___12_rtx_system_c_024f2f18__atomic_dec32_nz 0x000007b7   Thumb Code    26  rtx_system.o(.emb_text)
    __asm___12_rtx_system_c_024f2f18__atomic_dec16_nz 0x000007d1   Thumb Code    26  rtx_system.o(.emb_text)
    __asm___12_rtx_system_c_024f2f18__atomic_link_get 0x000007eb   Thumb Code    26  rtx_system.o(.emb_text)
    __asm___12_rtx_system_c_024f2f18__atomic_link_put 0x00000805   Thumb Code    28  rtx_system.o(.emb_text)
    __asm___12_rtx_thread_c_add96be5__atomic_wr8 0x00000821   Thumb Code    16  rtx_thread.o(.emb_text)
    __asm___12_rtx_thread_c_add96be5__atomic_set32 0x00000831   Thumb Code    20  rtx_thread.o(.emb_text)
    __asm___12_rtx_thread_c_add96be5__atomic_clr32 0x00000845   Thumb Code    22  rtx_thread.o(.emb_text)
    __asm___12_rtx_thread_c_add96be5__atomic_chk32_all 0x0000085b   Thumb Code    38  rtx_thread.o(.emb_text)
    __asm___12_rtx_thread_c_add96be5__atomic_chk32_any 0x00000881   Thumb Code    34  rtx_thread.o(.emb_text)
    __asm___12_rtx_thread_c_add96be5__atomic_inc32 0x000008a3   Thumb Code    18  rtx_thread.o(.emb_text)
    __asm___12_rtx_thread_c_add96be5__atomic_inc32_lt 0x000008b5   Thumb Code    30  rtx_thread.o(.emb_text)
    __asm___12_rtx_thread_c_add96be5__atomic_inc16_lt 0x000008d3   Thumb Code    30  rtx_thread.o(.emb_text)
    __asm___12_rtx_thread_c_add96be5__atomic_inc16_lim 0x000008f1   Thumb Code    26  rtx_thread.o(.emb_text)
    __asm___12_rtx_thread_c_add96be5__atomic_dec32_nz 0x0000090b   Thumb Code    26  rtx_thread.o(.emb_text)
    __asm___12_rtx_thread_c_add96be5__atomic_dec16_nz 0x00000925   Thumb Code    26  rtx_thread.o(.emb_text)
    __asm___12_rtx_thread_c_add96be5__atomic_link_get 0x0000093f   Thumb Code    26  rtx_thread.o(.emb_text)
    __asm___12_rtx_thread_c_add96be5__atomic_link_put 0x00000959   Thumb Code    28  rtx_thread.o(.emb_text)
    SVC_Handler                              0x00000975   Thumb Code   152  irq_cm4f.o(.text)
    PendSV_Handler                           0x00000a0d   Thumb Code    16  irq_cm4f.o(.text)
    SysTick_Handler                          0x00000a1d   Thumb Code    16  irq_cm4f.o(.text)
    init_data_bss                            0x00000a39   Thumb Code     2  startup_mk64f12.o(.text)
    Reset_Handler                            0x00000a3b   Thumb Code    12  startup_mk64f12.o(.text)
    NMI_Handler                              0x00000a47   Thumb Code     2  startup_mk64f12.o(.text)
    HardFault_Handler                        0x00000a49   Thumb Code     2  startup_mk64f12.o(.text)
    MemManage_Handler                        0x00000a4b   Thumb Code     2  startup_mk64f12.o(.text)
    BusFault_Handler                         0x00000a4d   Thumb Code     2  startup_mk64f12.o(.text)
    UsageFault_Handler                       0x00000a4f   Thumb Code     2  startup_mk64f12.o(.text)
    DebugMon_Handler                         0x00000a53   Thumb Code     2  startup_mk64f12.o(.text)
    ADC0_IRQHandler                          0x00000a59   Thumb Code     0  startup_mk64f12.o(.text)
    ADC1_IRQHandler                          0x00000a59   Thumb Code     0  startup_mk64f12.o(.text)
    CAN0_Bus_Off_IRQHandler                  0x00000a59   Thumb Code     0  startup_mk64f12.o(.text)
    CAN0_Error_IRQHandler                    0x00000a59   Thumb Code     0  startup_mk64f12.o(.text)
    CAN0_ORed_Message_buffer_IRQHandler      0x00000a59   Thumb Code     0  startup_mk64f12.o(.text)
    CAN0_Rx_Warning_IRQHandler               0x00000a59   Thumb Code     0  startup_mk64f12.o(.text)
    CAN0_Tx_Warning_IRQHandler               0x00000a59   Thumb Code     0  startup_mk64f12.o(.text)
    CAN0_Wake_Up_IRQHandler                  0x00000a59   Thumb Code     0  startup_mk64f12.o(.text)
    CMP0_IRQHandler                          0x00000a59   Thumb Code     0  startup_mk64f12.o(.text)
    CMP1_IRQHandler                          0x00000a59   Thumb Code     0  startup_mk64f12.o(.text)
    CMP2_IRQHandler                          0x00000a59   Thumb Code     0  startup_mk64f12.o(.text)
    CMT_IRQHandler                           0x00000a59   Thumb Code     0  startup_mk64f12.o(.text)
    DAC0_IRQHandler                          0x00000a59   Thumb Code     0  startup_mk64f12.o(.text)
    DAC1_IRQHandler                          0x00000a59   Thumb Code     0  startup_mk64f12.o(.text)
    DMA0_IRQHandler                          0x00000a59   Thumb Code     0  startup_mk64f12.o(.text)
    DMA10_IRQHandler                         0x00000a59   Thumb Code     0  startup_mk64f12.o(.text)
    DMA11_IRQHandler                         0x00000a59   Thumb Code     0  startup_mk64f12.o(.text)
    DMA12_IRQHandler                         0x00000a59   Thumb Code     0  startup_mk64f12.o(.text)
    DMA13_IRQHandler                         0x00000a59   Thumb Code     0  startup_mk64f12.o(.text)
    DMA14_IRQHandler                         0x00000a59   Thumb Code     0  startup_mk64f12.o(.text)
    DMA15_IRQHandler                         0x00000a59   Thumb Code     0  startup_mk64f12.o(.text)
    DMA1_IRQHandler                          0x00000a59   Thumb Code     0  startup_mk64f12.o(.text)
    DMA2_IRQHandler                          0x00000a59   Thumb Code     0  startup_mk64f12.o(.text)
    DMA3_IRQHandler                          0x00000a59   Thumb Code     0  startup_mk64f12.o(.text)
    DMA4_IRQHandler                          0x00000a59   Thumb Code     0  startup_mk64f12.o(.text)
    DMA5_IRQHandler                          0x00000a59   Thumb Code     0  startup_mk64f12.o(.text)
    DMA6_IRQHandler                          0x00000a59   Thumb Code     0  startup_mk64f12.o(.text)
    DMA7_IRQHandler                          0x00000a59   Thumb Code     0  startup_mk64f12.o(.text)
    DMA8_IRQHandler                          0x00000a59   Thumb Code     0  startup_mk64f12.o(.text)
    DMA9_IRQHandler                          0x00000a59   Thumb Code     0  startup_mk64f12.o(.text)
    DMA_Error_IRQHandler                     0x00000a59   Thumb Code     0  startup_mk64f12.o(.text)
    DefaultISR                               0x00000a59   Thumb Code     0  startup_mk64f12.o(.text)
    ENET_1588_Timer_IRQHandler               0x00000a59   Thumb Code     0  startup_mk64f12.o(.text)
    ENET_Error_IRQHandler                    0x00000a59   Thumb Code     0  startup_mk64f12.o(.text)
    ENET_Receive_IRQHandler                  0x00000a59   Thumb Code     0  startup_mk64f12.o(.text)
    ENET_Transmit_IRQHandler                 0x00000a59   Thumb Code     0  startup_mk64f12.o(.text)
    FTFE_IRQHandler                          0x00000a59   Thumb Code     0  startup_mk64f12.o(.text)
    FTM0_IRQHandler                          0x00000a59   Thumb Code     0  startup_mk64f12.o(.text)
    FTM1_IRQHandler                          0x00000a59   Thumb Code     0  startup_mk64f12.o(.text)
    FTM2_IRQHandler                          0x00000a59   Thumb Code     0  startup_mk64f12.o(.text)
    FTM3_IRQHandler                          0x00000a59   Thumb Code     0  startup_mk64f12.o(.text)
    I2C0_IRQHandler                          0x00000a59   Thumb Code     0  startup_mk64f12.o(.text)
    I2C1_IRQHandler                          0x00000a59   Thumb Code     0  startup_mk64f12.o(.text)
    I2C2_IRQHandler                          0x00000a59   Thumb Code     0  startup_mk64f12.o(.text)
    I2S0_Rx_IRQHandler                       0x00000a59   Thumb Code     0  startup_mk64f12.o(.text)
    I2S0_Tx_IRQHandler                       0x00000a59   Thumb Code     0  startup_mk64f12.o(.text)
    LLW_IRQHandler                           0x00000a59   Thumb Code     0  startup_mk64f12.o(.text)
    LPTimer_IRQHandler                       0x00000a59   Thumb Code     0  startup_mk64f12.o(.text)
    LVD_LVW_IRQHandler                       0x00000a59   Thumb Code     0  startup_mk64f12.o(.text)
    MCG_IRQHandler                           0x00000a59   Thumb Code     0  startup_mk64f12.o(.text)
    MCM_IRQHandler                           0x00000a59   Thumb Code     0  startup_mk64f12.o(.text)
    PDB0_IRQHandler                          0x00000a59   Thumb Code     0  startup_mk64f12.o(.text)
    PIT0_IRQHandler                          0x00000a59   Thumb Code     0  startup_mk64f12.o(.text)
    PIT1_IRQHandler                          0x00000a59   Thumb Code     0  startup_mk64f12.o(.text)
    PIT2_IRQHandler                          0x00000a59   Thumb Code     0  startup_mk64f12.o(.text)
    PIT3_IRQHandler                          0x00000a59   Thumb Code     0  startup_mk64f12.o(.text)
    PORTA_IRQHandler                         0x00000a59   Thumb Code     0  startup_mk64f12.o(.text)
    PORTB_IRQHandler                         0x00000a59   Thumb Code     0  startup_mk64f12.o(.text)
    PORTC_IRQHandler                         0x00000a59   Thumb Code     0  startup_mk64f12.o(.text)
    PORTD_IRQHandler                         0x00000a59   Thumb Code     0  startup_mk64f12.o(.text)
    PORTE_IRQHandler                         0x00000a59   Thumb Code     0  startup_mk64f12.o(.text)
    RNG_IRQHandler                           0x00000a59   Thumb Code     0  startup_mk64f12.o(.text)
    RTC_IRQHandler                           0x00000a59   Thumb Code     0  startup_mk64f12.o(.text)
    RTC_Seconds_IRQHandler                   0x00000a59   Thumb Code     0  startup_mk64f12.o(.text)
    Read_Collision_IRQHandler                0x00000a59   Thumb Code     0  startup_mk64f12.o(.text)
    Reserved71_IRQHandler                    0x00000a59   Thumb Code     0  startup_mk64f12.o(.text)
    SDHC_IRQHandler                          0x00000a59   Thumb Code     0  startup_mk64f12.o(.text)
    SPI0_IRQHandler                          0x00000a59   Thumb Code     0  startup_mk64f12.o(.text)
    SPI1_IRQHandler                          0x00000a59   Thumb Code     0  startup_mk64f12.o(.text)
    SPI2_IRQHandler                          0x00000a59   Thumb Code     0  startup_mk64f12.o(.text)
    SWI_IRQHandler                           0x00000a59   Thumb Code     0  startup_mk64f12.o(.text)
    UART0_ERR_IRQHandler                     0x00000a59   Thumb Code     0  startup_mk64f12.o(.text)
    UART0_LON_IRQHandler                     0x00000a59   Thumb Code     0  startup_mk64f12.o(.text)
    UART0_RX_TX_IRQHandler                   0x00000a59   Thumb Code     0  startup_mk64f12.o(.text)
    UART1_ERR_IRQHandler                     0x00000a59   Thumb Code     0  startup_mk64f12.o(.text)
    UART1_RX_TX_IRQHandler                   0x00000a59   Thumb Code     0  startup_mk64f12.o(.text)
    UART2_ERR_IRQHandler                     0x00000a59   Thumb Code     0  startup_mk64f12.o(.text)
    UART2_RX_TX_IRQHandler                   0x00000a59   Thumb Code     0  startup_mk64f12.o(.text)
    UART3_ERR_IRQHandler                     0x00000a59   Thumb Code     0  startup_mk64f12.o(.text)
    UART3_RX_TX_IRQHandler                   0x00000a59   Thumb Code     0  startup_mk64f12.o(.text)
    UART4_ERR_IRQHandler                     0x00000a59   Thumb Code     0  startup_mk64f12.o(.text)
    UART4_RX_TX_IRQHandler                   0x00000a59   Thumb Code     0  startup_mk64f12.o(.text)
    UART5_ERR_IRQHandler                     0x00000a59   Thumb Code     0  startup_mk64f12.o(.text)
    UART5_RX_TX_IRQHandler                   0x00000a59   Thumb Code     0  startup_mk64f12.o(.text)
    USB0_IRQHandler                          0x00000a59   Thumb Code     0  startup_mk64f12.o(.text)
    USBDCD_IRQHandler                        0x00000a59   Thumb Code     0  startup_mk64f12.o(.text)
    Watchdog_IRQHandler                      0x00000a59   Thumb Code     0  startup_mk64f12.o(.text)
    __aeabi_memcpy                           0x00000a69   Thumb Code    36  memcpya.o(.text)
    __aeabi_memcpy4                          0x00000a69   Thumb Code     0  memcpya.o(.text)
    __aeabi_memcpy8                          0x00000a69   Thumb Code     0  memcpya.o(.text)
    __aeabi_memset                           0x00000a8d   Thumb Code    14  memseta.o(.text)
    __aeabi_memset4                          0x00000a8d   Thumb Code     0  memseta.o(.text)
    __aeabi_memset8                          0x00000a8d   Thumb Code     0  memseta.o(.text)
    __aeabi_memclr                           0x00000a9b   Thumb Code     4  memseta.o(.text)
    __aeabi_memclr4                          0x00000a9b   Thumb Code     0  memseta.o(.text)
    __aeabi_memclr8                          0x00000a9b   Thumb Code     0  memseta.o(.text)
    _memset$wrapper                          0x00000a9f   Thumb Code    18  memseta.o(.text)
    __scatterload                            0x00000ab1   Thumb Code    28  init.o(.text)
    __scatterload_rt2                        0x00000ab1   Thumb Code     0  init.o(.text)
    __decompress                             0x00000ad5   Thumb Code     0  __dczerorl2.o(.text)
    __decompress1                            0x00000ad5   Thumb Code    86  __dczerorl2.o(.text)
    EvrRtxEventFlagsWaitTimeout              0x00000b2b   Thumb Code     2  rtx_evr.o(i.EvrRtxEventFlagsWaitTimeout)
    EvrRtxKernelError                        0x00000b2d   Thumb Code     2  rtx_evr.o(i.EvrRtxKernelError)
    EvrRtxKernelInitialize                   0x00000b2f   Thumb Code     2  rtx_evr.o(i.EvrRtxKernelInitialize)
    EvrRtxKernelInitializeCompleted          0x00000b31   Thumb Code     2  rtx_evr.o(i.EvrRtxKernelInitializeCompleted)
    EvrRtxKernelStart                        0x00000b33   Thumb Code     2  rtx_evr.o(i.EvrRtxKernelStart)
    EvrRtxKernelStarted                      0x00000b35   Thumb Code     2  rtx_evr.o(i.EvrRtxKernelStarted)
    EvrRtxMemoryAlloc                        0x00000b37   Thumb Code     2  rtx_evr.o(i.EvrRtxMemoryAlloc)
    EvrRtxMemoryBlockAlloc                   0x00000b39   Thumb Code     2  rtx_evr.o(i.EvrRtxMemoryBlockAlloc)
    EvrRtxMemoryBlockFree                    0x00000b3b   Thumb Code     2  rtx_evr.o(i.EvrRtxMemoryBlockFree)
    EvrRtxMemoryBlockInit                    0x00000b3d   Thumb Code     2  rtx_evr.o(i.EvrRtxMemoryBlockInit)
    EvrRtxMemoryFree                         0x00000b3f   Thumb Code     2  rtx_evr.o(i.EvrRtxMemoryFree)
    EvrRtxMemoryInit                         0x00000b41   Thumb Code     2  rtx_evr.o(i.EvrRtxMemoryInit)
    EvrRtxMemoryPoolAllocTimeout             0x00000b43   Thumb Code     2  rtx_evr.o(i.EvrRtxMemoryPoolAllocTimeout)
    EvrRtxMessageQueueCreated                0x00000b45   Thumb Code     2  rtx_evr.o(i.EvrRtxMessageQueueCreated)
    EvrRtxMessageQueueError                  0x00000b47   Thumb Code     2  rtx_evr.o(i.EvrRtxMessageQueueError)
    EvrRtxMessageQueueGet                    0x00000b49   Thumb Code     2  rtx_evr.o(i.EvrRtxMessageQueueGet)
    EvrRtxMessageQueueGetPending             0x00000b4b   Thumb Code     2  rtx_evr.o(i.EvrRtxMessageQueueGetPending)
    EvrRtxMessageQueueGetTimeout             0x00000b4d   Thumb Code     2  rtx_evr.o(i.EvrRtxMessageQueueGetTimeout)
    EvrRtxMessageQueueInsertPending          0x00000b4f   Thumb Code     2  rtx_evr.o(i.EvrRtxMessageQueueInsertPending)
    EvrRtxMessageQueueInserted               0x00000b51   Thumb Code     2  rtx_evr.o(i.EvrRtxMessageQueueInserted)
    EvrRtxMessageQueueNew                    0x00000b53   Thumb Code     2  rtx_evr.o(i.EvrRtxMessageQueueNew)
    EvrRtxMessageQueueNotInserted            0x00000b55   Thumb Code     2  rtx_evr.o(i.EvrRtxMessageQueueNotInserted)
    EvrRtxMessageQueueNotRetrieved           0x00000b57   Thumb Code     2  rtx_evr.o(i.EvrRtxMessageQueueNotRetrieved)
    EvrRtxMessageQueuePut                    0x00000b59   Thumb Code     2  rtx_evr.o(i.EvrRtxMessageQueuePut)
    EvrRtxMessageQueuePutPending             0x00000b5b   Thumb Code     2  rtx_evr.o(i.EvrRtxMessageQueuePutPending)
    EvrRtxMessageQueuePutTimeout             0x00000b5d   Thumb Code     2  rtx_evr.o(i.EvrRtxMessageQueuePutTimeout)
    EvrRtxMessageQueueRetrieved              0x00000b5f   Thumb Code     2  rtx_evr.o(i.EvrRtxMessageQueueRetrieved)
    EvrRtxMutexAcquire                       0x00000b61   Thumb Code     2  rtx_evr.o(i.EvrRtxMutexAcquire)
    EvrRtxMutexAcquirePending                0x00000b63   Thumb Code     2  rtx_evr.o(i.EvrRtxMutexAcquirePending)
    EvrRtxMutexAcquireTimeout                0x00000b65   Thumb Code     2  rtx_evr.o(i.EvrRtxMutexAcquireTimeout)
    EvrRtxMutexAcquired                      0x00000b67   Thumb Code     2  rtx_evr.o(i.EvrRtxMutexAcquired)
    EvrRtxMutexCreated                       0x00000b69   Thumb Code     2  rtx_evr.o(i.EvrRtxMutexCreated)
    EvrRtxMutexError                         0x00000b6b   Thumb Code     2  rtx_evr.o(i.EvrRtxMutexError)
    EvrRtxMutexNew                           0x00000b6d   Thumb Code     2  rtx_evr.o(i.EvrRtxMutexNew)
    EvrRtxMutexNotAcquired                   0x00000b6f   Thumb Code     2  rtx_evr.o(i.EvrRtxMutexNotAcquired)
    EvrRtxMutexRelease                       0x00000b71   Thumb Code     2  rtx_evr.o(i.EvrRtxMutexRelease)
    EvrRtxMutexReleased                      0x00000b73   Thumb Code     2  rtx_evr.o(i.EvrRtxMutexReleased)
    EvrRtxSemaphoreAcquireTimeout            0x00000b75   Thumb Code     2  rtx_evr.o(i.EvrRtxSemaphoreAcquireTimeout)
    EvrRtxThreadBlocked                      0x00000b77   Thumb Code     2  rtx_evr.o(i.EvrRtxThreadBlocked)
    EvrRtxThreadCreated                      0x00000b79   Thumb Code     2  rtx_evr.o(i.EvrRtxThreadCreated)
    EvrRtxThreadDelay                        0x00000b7b   Thumb Code     2  rtx_evr.o(i.EvrRtxThreadDelay)
    EvrRtxThreadDelayCompleted               0x00000b7d   Thumb Code     2  rtx_evr.o(i.EvrRtxThreadDelayCompleted)
    EvrRtxThreadDestroyed                    0x00000b7f   Thumb Code     2  rtx_evr.o(i.EvrRtxThreadDestroyed)
    EvrRtxThreadError                        0x00000b81   Thumb Code     2  rtx_evr.o(i.EvrRtxThreadError)
    EvrRtxThreadExit                         0x00000b83   Thumb Code     2  rtx_evr.o(i.EvrRtxThreadExit)
    EvrRtxThreadFlagsWaitCompleted           0x00000b85   Thumb Code     2  rtx_evr.o(i.EvrRtxThreadFlagsWaitCompleted)
    EvrRtxThreadFlagsWaitTimeout             0x00000b87   Thumb Code     2  rtx_evr.o(i.EvrRtxThreadFlagsWaitTimeout)
    EvrRtxThreadJoined                       0x00000b89   Thumb Code     2  rtx_evr.o(i.EvrRtxThreadJoined)
    EvrRtxThreadNew                          0x00000b8b   Thumb Code     2  rtx_evr.o(i.EvrRtxThreadNew)
    EvrRtxThreadPreempted                    0x00000b8d   Thumb Code     2  rtx_evr.o(i.EvrRtxThreadPreempted)
    EvrRtxThreadResume                       0x00000b8f   Thumb Code     2  rtx_evr.o(i.EvrRtxThreadResume)
    EvrRtxThreadResumed                      0x00000b91   Thumb Code     2  rtx_evr.o(i.EvrRtxThreadResumed)
    EvrRtxThreadSetPriority                  0x00000b93   Thumb Code     2  rtx_evr.o(i.EvrRtxThreadSetPriority)
    EvrRtxThreadSuspend                      0x00000b95   Thumb Code     2  rtx_evr.o(i.EvrRtxThreadSuspend)
    EvrRtxThreadSuspended                    0x00000b97   Thumb Code     2  rtx_evr.o(i.EvrRtxThreadSuspended)
    EvrRtxThreadSwitched                     0x00000b99   Thumb Code     2  rtx_evr.o(i.EvrRtxThreadSwitched)
    EvrRtxThreadTerminate                    0x00000b9b   Thumb Code     2  rtx_evr.o(i.EvrRtxThreadTerminate)
    EvrRtxThreadUnblocked                    0x00000b9d   Thumb Code     2  rtx_evr.o(i.EvrRtxThreadUnblocked)
    EvrRtxTimerCallback                      0x00000b9f   Thumb Code     2  rtx_evr.o(i.EvrRtxTimerCallback)
    EvrRtxTimerCreated                       0x00000ba1   Thumb Code     2  rtx_evr.o(i.EvrRtxTimerCreated)
    EvrRtxTimerError                         0x00000ba3   Thumb Code     2  rtx_evr.o(i.EvrRtxTimerError)
    EvrRtxTimerNew                           0x00000ba5   Thumb Code     2  rtx_evr.o(i.EvrRtxTimerNew)
    EvrRtxTimerStart                         0x00000ba7   Thumb Code     2  rtx_evr.o(i.EvrRtxTimerStart)
    EvrRtxTimerStarted                       0x00000ba9   Thumb Code     2  rtx_evr.o(i.EvrRtxTimerStarted)
    EvrRtxTimerStop                          0x00000bab   Thumb Code     2  rtx_evr.o(i.EvrRtxTimerStop)
    EvrRtxTimerStopped                       0x00000bad   Thumb Code     2  rtx_evr.o(i.EvrRtxTimerStopped)
    Init_Thread                              0x00000bb1   Thumb Code    82  main.o(i.Init_Thread)
    Init_Timer                               0x00000c19   Thumb Code   164  main.o(i.Init_Timer)
    LEDBlue_On                               0x00000e1d   Thumb Code    32  main.o(i.LEDBlue_On)
    LEDGreen_On                              0x00000e45   Thumb Code    32  main.o(i.LEDGreen_On)
    LEDRed_On                                0x00000e6d   Thumb Code    32  main.o(i.LEDRed_On)
    OS_Tick_AcknowledgeIRQ                   0x00000f41   Thumb Code     8  os_systick.o(i.OS_Tick_AcknowledgeIRQ)
    OS_Tick_Enable                           0x00000f49   Thumb Code    38  os_systick.o(i.OS_Tick_Enable)
    OS_Tick_GetIRQn                          0x00000f79   Thumb Code     6  os_systick.o(i.OS_Tick_GetIRQn)
    OS_Tick_Setup                            0x00000f81   Thumb Code    66  os_systick.o(i.OS_Tick_Setup)
    PORT_Initialize                          0x00000fd1   Thumb Code   168  main.o(i.PORT_Initialize)
    SystemCoreClockUpdate                    0x00001099   Thumb Code   324  system_mk64f12.o(i.SystemCoreClockUpdate)
    SystemInit                               0x000011f1   Thumb Code   136  system_mk64f12.o(i.SystemInit)
    __scatterload_copy                       0x00001371   Thumb Code    14  handlers.o(i.__scatterload_copy)
    __scatterload_null                       0x0000137f   Thumb Code     2  handlers.o(i.__scatterload_null)
    __scatterload_zeroinit                   0x00001381   Thumb Code    14  handlers.o(i.__scatterload_zeroinit)
    app_main                                 0x00001391   Thumb Code   566  main.o(i.app_main)
    idleCallbackA                            0x00001625   Thumb Code     2  main.o(i.idleCallbackA)
    idleCallbackB                            0x00001627   Thumb Code     2  main.o(i.idleCallbackB)
    irqA                                     0x00001629   Thumb Code   180  main.o(i.irqA)
    irqB                                     0x000016fd   Thumb Code   190  main.o(i.irqB)
    main                                     0x00001981   Thumb Code    44  main.o(i.main)
    osDelay                                  0x000019b9   Thumb Code    56  rtx_delay.o(i.osDelay)
    osKernelInitialize                       0x000019f5   Thumb Code    48  rtx_kernel.o(i.osKernelInitialize)
    osKernelStart                            0x00001a29   Thumb Code    48  rtx_kernel.o(i.osKernelStart)
    osMessageQueueGet                        0x00001a5d   Thumb Code    78  rtx_msgqueue.o(i.osMessageQueueGet)
    osMessageQueueNew                        0x00001ab1   Thumb Code    70  rtx_msgqueue.o(i.osMessageQueueNew)
    osMessageQueuePut                        0x00001afd   Thumb Code    78  rtx_msgqueue.o(i.osMessageQueuePut)
    osMutexAcquire                           0x00001b51   Thumb Code    62  rtx_mutex.o(i.osMutexAcquire)
    osMutexNew                               0x00001b95   Thumb Code    54  rtx_mutex.o(i.osMutexNew)
    osMutexRelease                           0x00001bd1   Thumb Code    56  rtx_mutex.o(i.osMutexRelease)
    osRtxErrorNotify                         0x00001c0d   Thumb Code    32  rtx_config.o(i.osRtxErrorNotify)
    osRtxIdleThread                          0x00001c2d   Thumb Code     4  rtx_config.o(i.osRtxIdleThread)
    osRtxMemoryAlloc                         0x00001c3d   Thumb Code   238  rtx_memory.o(i.osRtxMemoryAlloc)
    osRtxMemoryFree                          0x00001d2b   Thumb Code   124  rtx_memory.o(i.osRtxMemoryFree)
    osRtxMemoryInit                          0x00001da7   Thumb Code   106  rtx_memory.o(i.osRtxMemoryInit)
    osRtxMemoryPoolAlloc                     0x00001e11   Thumb Code    58  rtx_mempool.o(i.osRtxMemoryPoolAlloc)
    osRtxMemoryPoolFree                      0x00001e4b   Thumb Code    78  rtx_mempool.o(i.osRtxMemoryPoolFree)
    osRtxMemoryPoolInit                      0x00001e99   Thumb Code    88  rtx_mempool.o(i.osRtxMemoryPoolInit)
    osRtxMutexOwnerRelease                   0x00002019   Thumb Code    94  rtx_mutex.o(i.osRtxMutexOwnerRelease)
    osRtxPendSV_Handler                      0x00002079   Thumb Code   126  rtx_system.o(i.osRtxPendSV_Handler)
    osRtxPostProcess                         0x000020fd   Thumb Code    50  rtx_system.o(i.osRtxPostProcess)
    osRtxThreadDelayTick                     0x00002255   Thumb Code   216  rtx_thread.o(i.osRtxThreadDelayTick)
    osRtxThreadDispatch                      0x00002331   Thumb Code   106  rtx_thread.o(i.osRtxThreadDispatch)
    osRtxThreadListGet                       0x0000240d   Thumb Code    28  rtx_thread.o(i.osRtxThreadListGet)
    osRtxThreadListPut                       0x00002429   Thumb Code    50  rtx_thread.o(i.osRtxThreadListPut)
    osRtxThreadListRemove                    0x0000245b   Thumb Code    26  rtx_thread.o(i.osRtxThreadListRemove)
    osRtxThreadListSort                      0x00002487   Thumb Code    42  rtx_thread.o(i.osRtxThreadListSort)
    osRtxThreadReadyPut                      0x000024f1   Thumb Code    18  rtx_thread.o(i.osRtxThreadReadyPut)
    osRtxThreadRegPtr                        0x00002509   Thumb Code    24  rtx_thread.o(i.osRtxThreadRegPtr)
    osRtxThreadStackCheck                    0x0000252d   Thumb Code    38  rtx_thread.o(i.osRtxThreadStackCheck)
    osRtxThreadStartup                       0x00002559   Thumb Code    78  rtx_thread.o(i.osRtxThreadStartup)
    osRtxThreadSwitch                        0x000025b9   Thumb Code    24  rtx_thread.o(i.osRtxThreadSwitch)
    osRtxThreadWaitEnter                     0x000025d5   Thumb Code    78  rtx_thread.o(i.osRtxThreadWaitEnter)
    osRtxThreadWaitExit                      0x00002629   Thumb Code    54  rtx_thread.o(i.osRtxThreadWaitExit)
    osRtxTick_Handler                        0x00002661   Thumb Code   154  rtx_system.o(i.osRtxTick_Handler)
    osRtxTimerThread                         0x00002701   Thumb Code    76  rtx_timer.o(i.osRtxTimerThread)
    osThreadExit                             0x000027b5   Thumb Code    28  rtx_thread.o(i.osThreadExit)
    osThreadNew                              0x000027d5   Thumb Code    70  rtx_thread.o(i.osThreadNew)
    osThreadResume                           0x00002821   Thumb Code    56  rtx_thread.o(i.osThreadResume)
    osThreadSetPriority                      0x0000285d   Thumb Code    62  rtx_thread.o(i.osThreadSetPriority)
    osThreadSuspend                          0x000028a1   Thumb Code    56  rtx_thread.o(i.osThreadSuspend)
    osThreadTerminate                        0x000028dd   Thumb Code    56  rtx_thread.o(i.osThreadTerminate)
    osTimerNew                               0x00002919   Thumb Code    76  rtx_timer.o(i.osTimerNew)
    osTimerStart                             0x00002969   Thumb Code    62  rtx_timer.o(i.osTimerStart)
    osTimerStop                              0x000029ad   Thumb Code    56  rtx_timer.o(i.osTimerStop)
    s1G                                      0x000029e9   Thumb Code    36  main.o(i.s1G)
    s1TimerCal                               0x00002a11   Thumb Code    68  main.o(i.s1TimerCal)
    s1Y                                      0x00002a61   Thumb Code    38  main.o(i.s1Y)
    s1rBlink                                 0x00002a8d   Thumb Code    76  main.o(i.s1rBlink)
    s1yBlink                                 0x00002ae5   Thumb Code    48  main.o(i.s1yBlink)
    s2G                                      0x00002b21   Thumb Code    40  main.o(i.s2G)
    s2TimerCal                               0x00002b4d   Thumb Code    64  main.o(i.s2TimerCal)
    s2Y                                      0x00002b9d   Thumb Code    38  main.o(i.s2Y)
    s2rBlink                                 0x00002bc9   Thumb Code    92  main.o(i.s2rBlink)
    s2yBlink                                 0x00002c31   Thumb Code    48  main.o(i.s2yBlink)
    s3G                                      0x00002c6d   Thumb Code    38  main.o(i.s3G)
    s3TimerCal                               0x00002c99   Thumb Code    62  main.o(i.s3TimerCal)
    s3Y                                      0x00002ce9   Thumb Code    38  main.o(i.s3Y)
    s3rBlink                                 0x00002d15   Thumb Code    92  main.o(i.s3rBlink)
    s3yBlink                                 0x00002d7d   Thumb Code    48  main.o(i.s3yBlink)
    s4G                                      0x00002db9   Thumb Code    36  main.o(i.s4G)
    s4TimerCal                               0x00002de1   Thumb Code    66  main.o(i.s4TimerCal)
    s4Y                                      0x00002e35   Thumb Code    42  main.o(i.s4Y)
    s4rBlink                                 0x00002e65   Thumb Code    82  main.o(i.s4rBlink)
    s4yBlink                                 0x00002ec5   Thumb Code    52  main.o(i.s4yBlink)
    Thread_Mutex_attr                        0x000040c4   Data          16  main.o(.constdata)
    led_mask                                 0x000040d4   Data          12  main.o(.constdata)
    osRtxUserSVC                             0x00004140   Data           4  rtx_lib.o(.constdata)
    osRtxConfig                              0x00004160   Data         104  rtx_lib.o(.rodata)
    Region$$Table$$Base                      0x000041c8   Number         0  anon$$obj.o(Region$$Table)
    Region$$Table$$Limit                     0x000041e8   Number         0  anon$$obj.o(Region$$Table)
    .bss.os.msgqueue.cb$$Base                0x20001040   Number         0  rtx_lib.o(.bss.os.msgqueue.cb)
    .bss.os.msgqueue.cb$$Limit               0x20001074   Number         0  rtx_lib.o(.bss.os.msgqueue.cb)
    .bss.os.mutex.cb$$Base                   0x200010c4   Number         0  rtx_lib.o(.bss.os.mutex.cb)
    .bss.os.mutex.cb$$Limit                  0x200010e0   Number         0  rtx_lib.o(.bss.os.mutex.cb)
    .bss.os.thread.cb$$Base                  0x200010e0   Number         0  rtx_lib.o(.bss.os.thread.cb)
    .bss.os.thread.cb$$Limit                 0x20001410   Number         0  rtx_lib.o(.bss.os.thread.cb)
    led_addr                                 0x20001610   Data          20  main.o(.data)
    mutex_id                                 0x20001624   Data           4  main.o(.data)
    mutexStatusA                             0x20001628   Data           4  main.o(.data)
    mutexStatusB                             0x2000162c   Data           4  main.o(.data)
    TimerDelay                               0x20001630   Data           4  main.o(.data)
    YellowDelay                              0x20001634   Data           4  main.o(.data)
    BlinkDelay                               0x20001638   Data           4  main.o(.data)
    BlinkInterval                            0x2000163c   Data           4  main.o(.data)
    TimerDelayLvl0                           0x20001640   Data           4  main.o(.data)
    TimerDelayLvl1                           0x20001644   Data           4  main.o(.data)
    TimerDelayLvl2                           0x20001648   Data           4  main.o(.data)
    delay                                    0x2000164c   Data           4  main.o(.data)
    s1yId                                    0x20001650   Data           4  main.o(.data)
    s1rId                                    0x20001654   Data           4  main.o(.data)
    s2yId                                    0x20001658   Data           4  main.o(.data)
    s2rId                                    0x2000165c   Data           4  main.o(.data)
    s3yId                                    0x20001660   Data           4  main.o(.data)
    s3rId                                    0x20001664   Data           4  main.o(.data)
    s4yId                                    0x20001668   Data           4  main.o(.data)
    s4rId                                    0x2000166c   Data           4  main.o(.data)
    s1yState                                 0x20001670   Data           4  main.o(.data)
    s2yState                                 0x20001674   Data           4  main.o(.data)
    s3yState                                 0x20001678   Data           4  main.o(.data)
    s4yState                                 0x2000167c   Data           4  main.o(.data)
    s1rState                                 0x20001680   Data           4  main.o(.data)
    s2rState                                 0x20001684   Data           4  main.o(.data)
    s3rState                                 0x20001688   Data           4  main.o(.data)
    s4rState                                 0x2000168c   Data           4  main.o(.data)
    irqAId                                   0x20001690   Data           4  main.o(.data)
    irqBId                                   0x20001694   Data           4  main.o(.data)
    tid_irqA                                 0x20001698   Data           4  main.o(.data)
    tid_app_main                             0x2000169c   Data           4  main.o(.data)
    tid_irqB                                 0x200016a0   Data           4  main.o(.data)
    status                                   0x200016a4   Data           4  main.o(.data)
    SystemCoreClock                          0x200016ac   Data           4  system_mk64f12.o(.data)
    osRtxInfo                                0x200016b0   Data         164  rtx_kernel.o(.data.os)
    __initial_sp                             0x20001b88   Data           0  startup_mk64f12.o(STACK)



==============================================================================

Memory Map of the image

  Image Entry point : 0x00000a3b

  Load Region LR_1 (Base: 0x00000000, Size: 0x0000596c, Max: 0xffffffff, ABSOLUTE, COMPRESSED[0x00004258])

    Execution Region ER_RO (Exec base: 0x00000000, Load base: 0x00000000, Size: 0x000041e8, Max: 0xffffffff, ABSOLUTE)

    Exec Addr    Load Addr    Size         Type   Attr      Idx    E Section Name        Object

    0x00000000   0x00000000   0x00000400   Data   RO         3235    RESET               startup_mk64f12.o
    0x00000400   0x00000400   0x00000010   Code   RO         3236    .ARM.__at_0x400     startup_mk64f12.o
    0x00000410   0x00000410   0x00000000   Code   RO         3279  * .ARM.Collect$$$$00000000  mc_w.l(entry.o)
    0x00000410   0x00000410   0x00000004   Code   RO         3288    .ARM.Collect$$$$00000001  mc_w.l(entry2.o)
    0x00000414   0x00000414   0x00000004   Code   RO         3291    .ARM.Collect$$$$00000004  mc_w.l(entry5.o)
    0x00000418   0x00000418   0x00000000   Code   RO         3293    .ARM.Collect$$$$00000008  mc_w.l(entry7b.o)
    0x00000418   0x00000418   0x00000000   Code   RO         3295    .ARM.Collect$$$$0000000A  mc_w.l(entry8b.o)
    0x00000418   0x00000418   0x00000008   Code   RO         3296    .ARM.Collect$$$$0000000B  mc_w.l(entry9a.o)
    0x00000420   0x00000420   0x00000000   Code   RO         3298    .ARM.Collect$$$$0000000D  mc_w.l(entry10a.o)
    0x00000420   0x00000420   0x00000000   Code   RO         3300    .ARM.Collect$$$$0000000F  mc_w.l(entry11a.o)
    0x00000420   0x00000420   0x00000004   Code   RO         3289    .ARM.Collect$$$$00002712  mc_w.l(entry2.o)
    0x00000424   0x00000424   0x00000154   Code   RO         1954    .emb_text           rtx_mempool.o
    0x00000578   0x00000578   0x00000154   Code   RO         2121    .emb_text           rtx_msgqueue.o
    0x000006cc   0x000006cc   0x00000154   Code   RO         2532    .emb_text           rtx_system.o
    0x00000820   0x00000820   0x00000154   Code   RO         2588    .emb_text           rtx_thread.o
    0x00000974   0x00000974   0x000000c4   Code   RO          400    .text               irq_cm4f.o
    0x00000a38   0x00000a38   0x00000030   Code   RO         3237  * .text               startup_mk64f12.o
    0x00000a68   0x00000a68   0x00000024   Code   RO         3282    .text               mc_w.l(memcpya.o)
    0x00000a8c   0x00000a8c   0x00000024   Code   RO         3284    .text               mc_w.l(memseta.o)
    0x00000ab0   0x00000ab0   0x00000024   Code   RO         3302    .text               mc_w.l(init.o)
    0x00000ad4   0x00000ad4   0x00000056   Code   RO         3312    .text               mc_w.l(__dczerorl2.o)
    0x00000b2a   0x00000b2a   0x00000002   Code   RO          646    i.EvrRtxEventFlagsWaitTimeout  rtx_evr.o
    0x00000b2c   0x00000b2c   0x00000002   Code   RO          647    i.EvrRtxKernelError  rtx_evr.o
    0x00000b2e   0x00000b2e   0x00000002   Code   RO          655    i.EvrRtxKernelInitialize  rtx_evr.o
    0x00000b30   0x00000b30   0x00000002   Code   RO          656    i.EvrRtxKernelInitializeCompleted  rtx_evr.o
    0x00000b32   0x00000b32   0x00000002   Code   RO          663    i.EvrRtxKernelStart  rtx_evr.o
    0x00000b34   0x00000b34   0x00000002   Code   RO          664    i.EvrRtxKernelStarted  rtx_evr.o
    0x00000b36   0x00000b36   0x00000002   Code   RO          669    i.EvrRtxMemoryAlloc  rtx_evr.o
    0x00000b38   0x00000b38   0x00000002   Code   RO          670    i.EvrRtxMemoryBlockAlloc  rtx_evr.o
    0x00000b3a   0x00000b3a   0x00000002   Code   RO          671    i.EvrRtxMemoryBlockFree  rtx_evr.o
    0x00000b3c   0x00000b3c   0x00000002   Code   RO          672    i.EvrRtxMemoryBlockInit  rtx_evr.o
    0x00000b3e   0x00000b3e   0x00000002   Code   RO          673    i.EvrRtxMemoryFree  rtx_evr.o
    0x00000b40   0x00000b40   0x00000002   Code   RO          674    i.EvrRtxMemoryInit  rtx_evr.o
    0x00000b42   0x00000b42   0x00000002   Code   RO          678    i.EvrRtxMemoryPoolAllocTimeout  rtx_evr.o
    0x00000b44   0x00000b44   0x00000002   Code   RO          693    i.EvrRtxMessageQueueCreated  rtx_evr.o
    0x00000b46   0x00000b46   0x00000002   Code   RO          696    i.EvrRtxMessageQueueError  rtx_evr.o
    0x00000b48   0x00000b48   0x00000002   Code   RO          697    i.EvrRtxMessageQueueGet  rtx_evr.o
    0x00000b4a   0x00000b4a   0x00000002   Code   RO          702    i.EvrRtxMessageQueueGetPending  rtx_evr.o
    0x00000b4c   0x00000b4c   0x00000002   Code   RO          704    i.EvrRtxMessageQueueGetTimeout  rtx_evr.o
    0x00000b4e   0x00000b4e   0x00000002   Code   RO          705    i.EvrRtxMessageQueueInsertPending  rtx_evr.o
    0x00000b50   0x00000b50   0x00000002   Code   RO          706    i.EvrRtxMessageQueueInserted  rtx_evr.o
    0x00000b52   0x00000b52   0x00000002   Code   RO          707    i.EvrRtxMessageQueueNew  rtx_evr.o
    0x00000b54   0x00000b54   0x00000002   Code   RO          708    i.EvrRtxMessageQueueNotInserted  rtx_evr.o
    0x00000b56   0x00000b56   0x00000002   Code   RO          709    i.EvrRtxMessageQueueNotRetrieved  rtx_evr.o
    0x00000b58   0x00000b58   0x00000002   Code   RO          710    i.EvrRtxMessageQueuePut  rtx_evr.o
    0x00000b5a   0x00000b5a   0x00000002   Code   RO          711    i.EvrRtxMessageQueuePutPending  rtx_evr.o
    0x00000b5c   0x00000b5c   0x00000002   Code   RO          712    i.EvrRtxMessageQueuePutTimeout  rtx_evr.o
    0x00000b5e   0x00000b5e   0x00000002   Code   RO          715    i.EvrRtxMessageQueueRetrieved  rtx_evr.o
    0x00000b60   0x00000b60   0x00000002   Code   RO          716    i.EvrRtxMutexAcquire  rtx_evr.o
    0x00000b62   0x00000b62   0x00000002   Code   RO          717    i.EvrRtxMutexAcquirePending  rtx_evr.o
    0x00000b64   0x00000b64   0x00000002   Code   RO          718    i.EvrRtxMutexAcquireTimeout  rtx_evr.o
    0x00000b66   0x00000b66   0x00000002   Code   RO          719    i.EvrRtxMutexAcquired  rtx_evr.o
    0x00000b68   0x00000b68   0x00000002   Code   RO          720    i.EvrRtxMutexCreated  rtx_evr.o
    0x00000b6a   0x00000b6a   0x00000002   Code   RO          723    i.EvrRtxMutexError  rtx_evr.o
    0x00000b6c   0x00000b6c   0x00000002   Code   RO          726    i.EvrRtxMutexNew    rtx_evr.o
    0x00000b6e   0x00000b6e   0x00000002   Code   RO          727    i.EvrRtxMutexNotAcquired  rtx_evr.o
    0x00000b70   0x00000b70   0x00000002   Code   RO          728    i.EvrRtxMutexRelease  rtx_evr.o
    0x00000b72   0x00000b72   0x00000002   Code   RO          729    i.EvrRtxMutexReleased  rtx_evr.o
    0x00000b74   0x00000b74   0x00000002   Code   RO          732    i.EvrRtxSemaphoreAcquireTimeout  rtx_evr.o
    0x00000b76   0x00000b76   0x00000002   Code   RO          744    i.EvrRtxThreadBlocked  rtx_evr.o
    0x00000b78   0x00000b78   0x00000002   Code   RO          745    i.EvrRtxThreadCreated  rtx_evr.o
    0x00000b7a   0x00000b7a   0x00000002   Code   RO          746    i.EvrRtxThreadDelay  rtx_evr.o
    0x00000b7c   0x00000b7c   0x00000002   Code   RO          747    i.EvrRtxThreadDelayCompleted  rtx_evr.o
    0x00000b7e   0x00000b7e   0x00000002   Code   RO          749    i.EvrRtxThreadDestroyed  rtx_evr.o
    0x00000b80   0x00000b80   0x00000002   Code   RO          753    i.EvrRtxThreadError  rtx_evr.o
    0x00000b82   0x00000b82   0x00000002   Code   RO          754    i.EvrRtxThreadExit  rtx_evr.o
    0x00000b84   0x00000b84   0x00000002   Code   RO          761    i.EvrRtxThreadFlagsWaitCompleted  rtx_evr.o
    0x00000b86   0x00000b86   0x00000002   Code   RO          764    i.EvrRtxThreadFlagsWaitTimeout  rtx_evr.o
    0x00000b88   0x00000b88   0x00000002   Code   RO          774    i.EvrRtxThreadJoined  rtx_evr.o
    0x00000b8a   0x00000b8a   0x00000002   Code   RO          775    i.EvrRtxThreadNew   rtx_evr.o
    0x00000b8c   0x00000b8c   0x00000002   Code   RO          776    i.EvrRtxThreadPreempted  rtx_evr.o
    0x00000b8e   0x00000b8e   0x00000002   Code   RO          777    i.EvrRtxThreadResume  rtx_evr.o
    0x00000b90   0x00000b90   0x00000002   Code   RO          778    i.EvrRtxThreadResumed  rtx_evr.o
    0x00000b92   0x00000b92   0x00000002   Code   RO          779    i.EvrRtxThreadSetPriority  rtx_evr.o
    0x00000b94   0x00000b94   0x00000002   Code   RO          780    i.EvrRtxThreadSuspend  rtx_evr.o
    0x00000b96   0x00000b96   0x00000002   Code   RO          781    i.EvrRtxThreadSuspended  rtx_evr.o
    0x00000b98   0x00000b98   0x00000002   Code   RO          782    i.EvrRtxThreadSwitched  rtx_evr.o
    0x00000b9a   0x00000b9a   0x00000002   Code   RO          783    i.EvrRtxThreadTerminate  rtx_evr.o
    0x00000b9c   0x00000b9c   0x00000002   Code   RO          784    i.EvrRtxThreadUnblocked  rtx_evr.o
    0x00000b9e   0x00000b9e   0x00000002   Code   RO          786    i.EvrRtxTimerCallback  rtx_evr.o
    0x00000ba0   0x00000ba0   0x00000002   Code   RO          787    i.EvrRtxTimerCreated  rtx_evr.o
    0x00000ba2   0x00000ba2   0x00000002   Code   RO          790    i.EvrRtxTimerError  rtx_evr.o
    0x00000ba4   0x00000ba4   0x00000002   Code   RO          793    i.EvrRtxTimerNew    rtx_evr.o
    0x00000ba6   0x00000ba6   0x00000002   Code   RO          794    i.EvrRtxTimerStart  rtx_evr.o
    0x00000ba8   0x00000ba8   0x00000002   Code   RO          795    i.EvrRtxTimerStarted  rtx_evr.o
    0x00000baa   0x00000baa   0x00000002   Code   RO          796    i.EvrRtxTimerStop   rtx_evr.o
    0x00000bac   0x00000bac   0x00000002   Code   RO          797    i.EvrRtxTimerStopped  rtx_evr.o
    0x00000bae   0x00000bae   0x00000002   PAD
    0x00000bb0   0x00000bb0   0x00000068   Code   RO            4    i.Init_Thread       main.o
    0x00000c18   0x00000c18   0x00000114   Code   RO            5    i.Init_Timer        main.o
    0x00000d2c   0x00000d2c   0x00000018   Code   RO          408    i.IsIrqMasked       rtx_delay.o
    0x00000d44   0x00000d44   0x00000018   Code   RO         1655    i.IsIrqMasked       rtx_kernel.o
    0x00000d5c   0x00000d5c   0x00000018   Code   RO         2122    i.IsIrqMasked       rtx_msgqueue.o
    0x00000d74   0x00000d74   0x00000018   Code   RO         2300    i.IsIrqMasked       rtx_mutex.o
    0x00000d8c   0x00000d8c   0x00000018   Code   RO         2589    i.IsIrqMasked       rtx_thread.o
    0x00000da4   0x00000da4   0x00000018   Code   RO         3006    i.IsIrqMasked       rtx_timer.o
    0x00000dbc   0x00000dbc   0x00000010   Code   RO          409    i.IsIrqMode         rtx_delay.o
    0x00000dcc   0x00000dcc   0x00000010   Code   RO         1656    i.IsIrqMode         rtx_kernel.o
    0x00000ddc   0x00000ddc   0x00000010   Code   RO         2123    i.IsIrqMode         rtx_msgqueue.o
    0x00000dec   0x00000dec   0x00000010   Code   RO         2301    i.IsIrqMode         rtx_mutex.o
    0x00000dfc   0x00000dfc   0x00000010   Code   RO         2590    i.IsIrqMode         rtx_thread.o
    0x00000e0c   0x00000e0c   0x00000010   Code   RO         3007    i.IsIrqMode         rtx_timer.o
    0x00000e1c   0x00000e1c   0x00000028   Code   RO            6    i.LEDBlue_On        main.o
    0x00000e44   0x00000e44   0x00000028   Code   RO            7    i.LEDGreen_On       main.o
    0x00000e6c   0x00000e6c   0x00000028   Code   RO            8    i.LEDRed_On         main.o
    0x00000e94   0x00000e94   0x0000000a   Code   RO         1904    i.MemBlockPtr       rtx_memory.o
    0x00000e9e   0x00000e9e   0x00000034   Code   RO         2124    i.MessageQueueGet   rtx_msgqueue.o
    0x00000ed2   0x00000ed2   0x0000004c   Code   RO         2125    i.MessageQueuePut   rtx_msgqueue.o
    0x00000f1e   0x00000f1e   0x00000022   Code   RO         2126    i.MessageQueueRemove  rtx_msgqueue.o
    0x00000f40   0x00000f40   0x00000008   Code   RO         3132    i.OS_Tick_AcknowledgeIRQ  os_systick.o
    0x00000f48   0x00000f48   0x00000030   Code   RO         3134    i.OS_Tick_Enable    os_systick.o
    0x00000f78   0x00000f78   0x00000006   Code   RO         3137    i.OS_Tick_GetIRQn   os_systick.o
    0x00000f7e   0x00000f7e   0x00000002   PAD
    0x00000f80   0x00000f80   0x00000050   Code   RO         3140    i.OS_Tick_Setup     os_systick.o
    0x00000fd0   0x00000fd0   0x000000c8   Code   RO            9    i.PORT_Initialize   main.o
    0x00001098   0x00001098   0x00000158   Code   RO         3246    i.SystemCoreClockUpdate  system_mk64f12.o
    0x000011f0   0x000011f0   0x000000a0   Code   RO         3247    i.SystemInit        system_mk64f12.o
    0x00001290   0x00001290   0x00000056   Code   RO         2591    i.ThreadFlagsCheck  rtx_thread.o
    0x000012e6   0x000012e6   0x00000002   PAD
    0x000012e8   0x000012e8   0x00000040   Code   RO         3008    i.TimerInsert       rtx_timer.o
    0x00001328   0x00001328   0x00000030   Code   RO         3009    i.TimerRemove       rtx_timer.o
    0x00001358   0x00001358   0x00000018   Code   RO         3010    i.TimerUnlink       rtx_timer.o
    0x00001370   0x00001370   0x0000000e   Code   RO         3306    i.__scatterload_copy  mc_w.l(handlers.o)
    0x0000137e   0x0000137e   0x00000002   Code   RO         3307    i.__scatterload_null  mc_w.l(handlers.o)
    0x00001380   0x00001380   0x0000000e   Code   RO         3308    i.__scatterload_zeroinit  mc_w.l(handlers.o)
    0x0000138e   0x0000138e   0x00000002   PAD
    0x00001390   0x00001390   0x00000294   Code   RO           10    i.app_main          main.o
    0x00001624   0x00001624   0x00000002   Code   RO           11    i.idleCallbackA     main.o
    0x00001626   0x00001626   0x00000002   Code   RO           12    i.idleCallbackB     main.o
    0x00001628   0x00001628   0x000000d4   Code   RO           13    i.irqA              main.o
    0x000016fc   0x000016fc   0x000000e0   Code   RO           14    i.irqB              main.o
    0x000017dc   0x000017dc   0x00000096   Code   RO         2127    i.isrRtxMessageQueueGet  rtx_msgqueue.o
    0x00001872   0x00001872   0x0000009e   Code   RO         2128    i.isrRtxMessageQueuePut  rtx_msgqueue.o
    0x00001910   0x00001910   0x00000034   Code   RO         2533    i.isr_queue_get     rtx_system.o
    0x00001944   0x00001944   0x0000003c   Code   RO         2534    i.isr_queue_put     rtx_system.o
    0x00001980   0x00001980   0x00000038   Code   RO           15    i.main              main.o
    0x000019b8   0x000019b8   0x0000003c   Code   RO          410    i.osDelay           rtx_delay.o
    0x000019f4   0x000019f4   0x00000034   Code   RO         1666    i.osKernelInitialize  rtx_kernel.o
    0x00001a28   0x00001a28   0x00000034   Code   RO         1670    i.osKernelStart     rtx_kernel.o
    0x00001a5c   0x00001a5c   0x00000054   Code   RO         2130    i.osMessageQueueGet  rtx_msgqueue.o
    0x00001ab0   0x00001ab0   0x0000004c   Code   RO         2136    i.osMessageQueueNew  rtx_msgqueue.o
    0x00001afc   0x00001afc   0x00000054   Code   RO         2137    i.osMessageQueuePut  rtx_msgqueue.o
    0x00001b50   0x00001b50   0x00000044   Code   RO         2302    i.osMutexAcquire    rtx_mutex.o
    0x00001b94   0x00001b94   0x0000003c   Code   RO         2306    i.osMutexNew        rtx_mutex.o
    0x00001bd0   0x00001bd0   0x0000003c   Code   RO         2307    i.osMutexRelease    rtx_mutex.o
    0x00001c0c   0x00001c0c   0x00000020   Code   RO         3206    i.osRtxErrorNotify  rtx_config.o
    0x00001c2c   0x00001c2c   0x00000004   Code   RO         3207    i.osRtxIdleThread   rtx_config.o
    0x00001c30   0x00001c30   0x0000000c   Code   RO         2595    i.osRtxKernelGetState  rtx_thread.o
    0x00001c3c   0x00001c3c   0x000000ee   Code   RO         1905    i.osRtxMemoryAlloc  rtx_memory.o
    0x00001d2a   0x00001d2a   0x0000007c   Code   RO         1906    i.osRtxMemoryFree   rtx_memory.o
    0x00001da6   0x00001da6   0x0000006a   Code   RO         1907    i.osRtxMemoryInit   rtx_memory.o
    0x00001e10   0x00001e10   0x0000003a   Code   RO         1968    i.osRtxMemoryPoolAlloc  rtx_mempool.o
    0x00001e4a   0x00001e4a   0x0000004e   Code   RO         1969    i.osRtxMemoryPoolFree  rtx_mempool.o
    0x00001e98   0x00001e98   0x00000058   Code   RO         1970    i.osRtxMemoryPoolInit  rtx_mempool.o
    0x00001ef0   0x00001ef0   0x00000128   Code   RO         2139    i.osRtxMessageQueuePostProcess  rtx_msgqueue.o
    0x00002018   0x00002018   0x0000005e   Code   RO         2308    i.osRtxMutexOwnerRelease  rtx_mutex.o
    0x00002076   0x00002076   0x00000002   PAD
    0x00002078   0x00002078   0x00000084   Code   RO         2535    i.osRtxPendSV_Handler  rtx_system.o
    0x000020fc   0x000020fc   0x0000003c   Code   RO         2536    i.osRtxPostProcess  rtx_system.o
    0x00002138   0x00002138   0x00000040   Code   RO         2596    i.osRtxThreadBlock  rtx_thread.o
    0x00002178   0x00002178   0x00000068   Code   RO         2597    i.osRtxThreadDelayInsert  rtx_thread.o
    0x000021e0   0x000021e0   0x00000074   Code   RO         2598    i.osRtxThreadDelayRemove  rtx_thread.o
    0x00002254   0x00002254   0x000000dc   Code   RO         2599    i.osRtxThreadDelayTick  rtx_thread.o
    0x00002330   0x00002330   0x00000070   Code   RO         2600    i.osRtxThreadDispatch  rtx_thread.o
    0x000023a0   0x000023a0   0x00000060   Code   RO         2601    i.osRtxThreadFree   rtx_thread.o
    0x00002400   0x00002400   0x0000000c   Code   RO         2602    i.osRtxThreadGetRunning  rtx_thread.o
    0x0000240c   0x0000240c   0x0000001c   Code   RO         2603    i.osRtxThreadListGet  rtx_thread.o
    0x00002428   0x00002428   0x00000032   Code   RO         2604    i.osRtxThreadListPut  rtx_thread.o
    0x0000245a   0x0000245a   0x0000001a   Code   RO         2605    i.osRtxThreadListRemove  rtx_thread.o
    0x00002474   0x00002474   0x00000012   Code   RO         2606    i.osRtxThreadListRoot  rtx_thread.o
    0x00002486   0x00002486   0x0000002a   Code   RO         2607    i.osRtxThreadListSort  rtx_thread.o
    0x000024b0   0x000024b0   0x00000040   Code   RO         2609    i.osRtxThreadPostProcess  rtx_thread.o
    0x000024f0   0x000024f0   0x00000018   Code   RO         2610    i.osRtxThreadReadyPut  rtx_thread.o
    0x00002508   0x00002508   0x00000018   Code   RO         2611    i.osRtxThreadRegPtr  rtx_thread.o
    0x00002520   0x00002520   0x0000000c   Code   RO         2612    i.osRtxThreadSetRunning  rtx_thread.o
    0x0000252c   0x0000252c   0x0000002c   Code   RO         2613    i.osRtxThreadStackCheck  rtx_thread.o
    0x00002558   0x00002558   0x00000060   Code   RO         2614    i.osRtxThreadStartup  rtx_thread.o
    0x000025b8   0x000025b8   0x0000001c   Code   RO         2615    i.osRtxThreadSwitch  rtx_thread.o
    0x000025d4   0x000025d4   0x00000054   Code   RO         2616    i.osRtxThreadWaitEnter  rtx_thread.o
    0x00002628   0x00002628   0x00000036   Code   RO         2617    i.osRtxThreadWaitExit  rtx_thread.o
    0x0000265e   0x0000265e   0x00000002   PAD
    0x00002660   0x00002660   0x000000a0   Code   RO         2537    i.osRtxTick_Handler  rtx_system.o
    0x00002700   0x00002700   0x00000058   Code   RO         3011    i.osRtxTimerThread  rtx_timer.o
    0x00002758   0x00002758   0x0000005c   Code   RO         3012    i.osRtxTimerTick    rtx_timer.o
    0x000027b4   0x000027b4   0x00000020   Code   RO         2620    i.osThreadExit      rtx_thread.o
    0x000027d4   0x000027d4   0x0000004c   Code   RO         2633    i.osThreadNew       rtx_thread.o
    0x00002820   0x00002820   0x0000003c   Code   RO         2634    i.osThreadResume    rtx_thread.o
    0x0000285c   0x0000285c   0x00000044   Code   RO         2635    i.osThreadSetPriority  rtx_thread.o
    0x000028a0   0x000028a0   0x0000003c   Code   RO         2636    i.osThreadSuspend   rtx_thread.o
    0x000028dc   0x000028dc   0x0000003c   Code   RO         2637    i.osThreadTerminate  rtx_thread.o
    0x00002918   0x00002918   0x00000050   Code   RO         3016    i.osTimerNew        rtx_timer.o
    0x00002968   0x00002968   0x00000044   Code   RO         3017    i.osTimerStart      rtx_timer.o
    0x000029ac   0x000029ac   0x0000003c   Code   RO         3018    i.osTimerStop       rtx_timer.o
    0x000029e8   0x000029e8   0x00000028   Code   RO           16    i.s1G               main.o
    0x00002a10   0x00002a10   0x00000050   Code   RO           17    i.s1TimerCal        main.o
    0x00002a60   0x00002a60   0x0000002c   Code   RO           18    i.s1Y               main.o
    0x00002a8c   0x00002a8c   0x00000058   Code   RO           19    i.s1rBlink          main.o
    0x00002ae4   0x00002ae4   0x0000003c   Code   RO           20    i.s1yBlink          main.o
    0x00002b20   0x00002b20   0x0000002c   Code   RO           21    i.s2G               main.o
    0x00002b4c   0x00002b4c   0x00000050   Code   RO           22    i.s2TimerCal        main.o
    0x00002b9c   0x00002b9c   0x0000002c   Code   RO           23    i.s2Y               main.o
    0x00002bc8   0x00002bc8   0x00000068   Code   RO           24    i.s2rBlink          main.o
    0x00002c30   0x00002c30   0x0000003c   Code   RO           25    i.s2yBlink          main.o
    0x00002c6c   0x00002c6c   0x0000002c   Code   RO           26    i.s3G               main.o
    0x00002c98   0x00002c98   0x00000050   Code   RO           27    i.s3TimerCal        main.o
    0x00002ce8   0x00002ce8   0x0000002c   Code   RO           28    i.s3Y               main.o
    0x00002d14   0x00002d14   0x00000068   Code   RO           29    i.s3rBlink          main.o
    0x00002d7c   0x00002d7c   0x0000003c   Code   RO           30    i.s3yBlink          main.o
    0x00002db8   0x00002db8   0x00000028   Code   RO           31    i.s4G               main.o
    0x00002de0   0x00002de0   0x00000054   Code   RO           32    i.s4TimerCal        main.o
    0x00002e34   0x00002e34   0x00000030   Code   RO           33    i.s4Y               main.o
    0x00002e64   0x00002e64   0x00000060   Code   RO           34    i.s4rBlink          main.o
    0x00002ec4   0x00002ec4   0x00000040   Code   RO           35    i.s4yBlink          main.o
    0x00002f04   0x00002f04   0x00000018   Code   RO          412    i.svcRtxDelay       rtx_delay.o
    0x00002f1c   0x00002f1c   0x00000264   Code   RO         1679    i.svcRtxKernelInitialize  rtx_kernel.o
    0x00003180   0x00003180   0x000000e8   Code   RO         1683    i.svcRtxKernelStart  rtx_kernel.o
    0x00003268   0x00003268   0x00000158   Code   RO         2141    i.svcRtxMessageQueueGet  rtx_msgqueue.o
    0x000033c0   0x000033c0   0x00000198   Code   RO         2147    i.svcRtxMessageQueueNew  rtx_msgqueue.o
    0x00003558   0x00003558   0x00000140   Code   RO         2148    i.svcRtxMessageQueuePut  rtx_msgqueue.o
    0x00003698   0x00003698   0x00000120   Code   RO         2309    i.svcRtxMutexAcquire  rtx_mutex.o
    0x000037b8   0x000037b8   0x000000b0   Code   RO         2313    i.svcRtxMutexNew    rtx_mutex.o
    0x00003868   0x00003868   0x0000011c   Code   RO         2314    i.svcRtxMutexRelease  rtx_mutex.o
    0x00003984   0x00003984   0x00000094   Code   RO         2641    i.svcRtxThreadExit  rtx_thread.o
    0x00003a18   0x00003a18   0x00000274   Code   RO         2654    i.svcRtxThreadNew   rtx_thread.o
    0x00003c8c   0x00003c8c   0x00000058   Code   RO         2655    i.svcRtxThreadResume  rtx_thread.o
    0x00003ce4   0x00003ce4   0x0000006c   Code   RO         2656    i.svcRtxThreadSetPriority  rtx_thread.o
    0x00003d50   0x00003d50   0x000000c4   Code   RO         2657    i.svcRtxThreadSuspend  rtx_thread.o
    0x00003e14   0x00003e14   0x00000114   Code   RO         2658    i.svcRtxThreadTerminate  rtx_thread.o
    0x00003f28   0x00003f28   0x000000d4   Code   RO         3022    i.svcRtxTimerNew    rtx_timer.o
    0x00003ffc   0x00003ffc   0x0000007c   Code   RO         3023    i.svcRtxTimerStart  rtx_timer.o
    0x00004078   0x00004078   0x0000004c   Code   RO         3024    i.svcRtxTimerStop   rtx_timer.o
    0x000040c4   0x000040c4   0x0000001c   Data   RO           36    .constdata          main.o
    0x000040e0   0x000040e0   0x00000064   Data   RO         1873    .constdata          rtx_lib.o
    0x00004144   0x00004144   0x0000000e   Data   RO           37    .conststring        main.o
    0x00004152   0x00004152   0x00000002   PAD
    0x00004154   0x00004154   0x0000000b   Data   RO         1686    .conststrlit        rtx_kernel.o
    0x0000415f   0x0000415f   0x00000001   PAD
    0x00004160   0x00004160   0x00000068   Data   RO         1877    .rodata             rtx_lib.o
    0x000041c8   0x000041c8   0x00000020   Data   RO         3304    Region$$Table       anon$$obj.o


    Execution Region ER_RW (Exec base: 0x20000000, Load base: 0x000041e8, Size: 0x00001784, Max: 0xffffffff, ABSOLUTE, COMPRESSED[0x00000070])

    Exec Addr    Load Addr    Size         Type   Attr      Idx    E Section Name        Object

    0x20000000   COMPRESSED   0x00001040   Data   RW         1867    .bss.os             rtx_lib.o
    0x20001040   COMPRESSED   0x00000034   Data   RW         1868    .bss.os.msgqueue.cb  rtx_lib.o
    0x20001074   COMPRESSED   0x00000050   Data   RW         1869    .bss.os.msgqueue.mem  rtx_lib.o
    0x200010c4   COMPRESSED   0x0000001c   Data   RW         1870    .bss.os.mutex.cb    rtx_lib.o
    0x200010e0   COMPRESSED   0x00000330   Data   RW         1871    .bss.os.thread.cb   rtx_lib.o
    0x20001410   COMPRESSED   0x00000200   Data   RW         1872    .bss.os.thread.stack  rtx_lib.o
    0x20001610   COMPRESSED   0x00000098   Data   RW           38    .data               main.o
    0x200016a8   COMPRESSED   0x00000001   Data   RW         3141    .data               os_systick.o
    0x200016a9   COMPRESSED   0x00000003   PAD
    0x200016ac   COMPRESSED   0x00000004   Data   RW         3248    .data               system_mk64f12.o
    0x200016b0   COMPRESSED   0x000000a4   Data   RW         1687    .data.os            rtx_kernel.o
    0x20001754   COMPRESSED   0x00000018   Data   RW         1875    .data.os.mutex.mpi  rtx_lib.o
    0x2000176c   COMPRESSED   0x00000018   Data   RW         1876    .data.os.thread.mpi  rtx_lib.o


    Execution Region ER_ZI (Exec base: 0x20001784, Load base: 0x00004258, Size: 0x00000404, Max: 0xffffffff, ABSOLUTE)

    Exec Addr    Load Addr    Size         Type   Attr      Idx    E Section Name        Object

    0x20001784   0x00004258   0x00000004   PAD
    0x20001788        -       0x00000400   Zero   RW         3233    STACK               startup_mk64f12.o


==============================================================================

Image component sizes


      Code (inc. data)   RO Data    RW Data    ZI Data      Debug   Object Name

       196         12          0          0          0        672   irq_cm4f.o
      3164        566         42        152          0     374156   main.o
       142         24          0          1          0       2500   os_systick.o
        36          6          0          0          0       1141   rtx_config.o
       124          4          0          0          0      21669   rtx_delay.o
       132          0          0          0          0      39024   rtx_evr.o
       988         34         11        164          0      20382   rtx_kernel.o
         0          0        204       5696          0       8663   rtx_lib.o
       478          0          0          0          0       4303   rtx_memory.o
       564          0          0          0          0       4091   rtx_mempool.o
      2462         34          0          0          0      23868   rtx_msgqueue.o
      1070         28          0          0          0      10528   rtx_mutex.o
       804         40          0          0          0       9989   rtx_system.o
      3596        166          0          0          0      34871   rtx_thread.o
       976         60          0          0          0      10329   rtx_timer.o
        64         30       1024          0       1024       1200   startup_mk64f12.o
       504         52          0          4          0       1739   system_mk64f12.o

    ----------------------------------------------------------------------
     15310       1056       1316       6020       1028     569125   Object Totals
         0          0         32          0          0          0   (incl. Generated)
        10          0          3          3          4          0   (incl. Padding)

    ----------------------------------------------------------------------

      Code (inc. data)   RO Data    RW Data    ZI Data      Debug   Library Member Name

        86          0          0          0          0          0   __dczerorl2.o
         0          0          0          0          0          0   entry.o
         0          0          0          0          0          0   entry10a.o
         0          0          0          0          0          0   entry11a.o
         8          4          0          0          0          0   entry2.o
         4          0          0          0          0          0   entry5.o
         0          0          0          0          0          0   entry7b.o
         0          0          0          0          0          0   entry8b.o
         8          4          0          0          0          0   entry9a.o
        30          0          0          0          0          0   handlers.o
        36          8          0          0          0         68   init.o
        36          0          0          0          0         68   memcpya.o
        36          0          0          0          0        108   memseta.o

    ----------------------------------------------------------------------
       246         16          0          0          0        244   Library Totals
         2          0          0          0          0          0   (incl. Padding)

    ----------------------------------------------------------------------

      Code (inc. data)   RO Data    RW Data    ZI Data      Debug   Library Name

       244         16          0          0          0        244   mc_w.l

    ----------------------------------------------------------------------
       246         16          0          0          0        244   Library Totals

    ----------------------------------------------------------------------

==============================================================================


      Code (inc. data)   RO Data    RW Data    ZI Data      Debug   

     15556       1072       1316       6020       1028     549501   Grand Totals
     15556       1072       1316        112       1028     549501   ELF Image Totals (compressed)
     15556       1072       1316        112          0          0   ROM Totals

==============================================================================

    Total RO  Size (Code + RO Data)                16872 (  16.48kB)
    Total RW  Size (RW Data + ZI Data)              7048 (   6.88kB)
    Total ROM Size (Code + RO Data + RW Data)      16984 (  16.59kB)

==============================================================================

